<?xml version="1.0" encoding="ISO-8859-1" ?>
<link_info>
   <banner>TI ARM Linker PC v20.2.7.LTS</banner>
   <copyright>Copyright (c) 1996-2018 Texas Instruments Incorporated</copyright>
   <link_time>0x673be2b3</link_time>
   <link_errors>0x0</link_errors>
   <output_file>First RTOS Project.out</output_file>
   <entry_point>
      <name>_c_int00_noargs</name>
      <address>0x75b5</address>
   </entry_point>
   <input_file_list>
      <input_file id="fl-2">
         <path>.\</path>
         <kind>object</kind>
         <file>main.obj</file>
         <name>main.obj</name>
      </input_file>
      <input_file id="fl-3">
         <path>.\</path>
         <kind>object</kind>
         <file>tm4c123gh6pm_startup_ccs.obj</file>
         <name>tm4c123gh6pm_startup_ccs.obj</name>
      </input_file>
      <input_file id="fl-4">
         <path>.\FreeRTOS\Source\</path>
         <kind>object</kind>
         <file>event_groups.obj</file>
         <name>event_groups.obj</name>
      </input_file>
      <input_file id="fl-5">
         <path>.\FreeRTOS\Source\</path>
         <kind>object</kind>
         <file>list.obj</file>
         <name>list.obj</name>
      </input_file>
      <input_file id="fl-6">
         <path>.\FreeRTOS\Source\</path>
         <kind>object</kind>
         <file>queue.obj</file>
         <name>queue.obj</name>
      </input_file>
      <input_file id="fl-7">
         <path>.\FreeRTOS\Source\</path>
         <kind>object</kind>
         <file>tasks.obj</file>
         <name>tasks.obj</name>
      </input_file>
      <input_file id="fl-8">
         <path>.\FreeRTOS\Source\</path>
         <kind>object</kind>
         <file>timers.obj</file>
         <name>timers.obj</name>
      </input_file>
      <input_file id="fl-9">
         <path>.\FreeRTOS\Source\portable\CCS\ARM_CM4F\</path>
         <kind>object</kind>
         <file>port.obj</file>
         <name>port.obj</name>
      </input_file>
      <input_file id="fl-a">
         <path>.\FreeRTOS\Source\portable\CCS\ARM_CM4F\</path>
         <kind>object</kind>
         <file>portasm.obj</file>
         <name>portasm.obj</name>
      </input_file>
      <input_file id="fl-b">
         <path>.\FreeRTOS\Source\portable\MemMang\</path>
         <kind>object</kind>
         <file>heap_1.obj</file>
         <name>heap_1.obj</name>
      </input_file>
      <input_file id="fl-c">
         <path>.\HAL\LM35\</path>
         <kind>object</kind>
         <file>lm35.obj</file>
         <name>lm35.obj</name>
      </input_file>
      <input_file id="fl-d">
         <path>.\MCAL\GPIO\</path>
         <kind>object</kind>
         <file>gpio.obj</file>
         <name>gpio.obj</name>
      </input_file>
      <input_file id="fl-e">
         <path>.\MCAL\GPTM\</path>
         <kind>object</kind>
         <file>GPTM.obj</file>
         <name>GPTM.obj</name>
      </input_file>
      <input_file id="fl-f">
         <path>.\MCAL\UART\</path>
         <kind>object</kind>
         <file>uart0.obj</file>
         <name>uart0.obj</name>
      </input_file>
      <input_file id="fl-10">
         <path>.\driverlib\</path>
         <kind>object</kind>
         <file>adc.obj</file>
         <name>adc.obj</name>
      </input_file>
      <input_file id="fl-11">
         <path>.\driverlib\</path>
         <kind>object</kind>
         <file>aes.obj</file>
         <name>aes.obj</name>
      </input_file>
      <input_file id="fl-12">
         <path>.\driverlib\</path>
         <kind>object</kind>
         <file>can.obj</file>
         <name>can.obj</name>
      </input_file>
      <input_file id="fl-13">
         <path>.\driverlib\</path>
         <kind>object</kind>
         <file>comp.obj</file>
         <name>comp.obj</name>
      </input_file>
      <input_file id="fl-14">
         <path>.\driverlib\</path>
         <kind>object</kind>
         <file>cpu.obj</file>
         <name>cpu.obj</name>
      </input_file>
      <input_file id="fl-15">
         <path>.\driverlib\</path>
         <kind>object</kind>
         <file>crc.obj</file>
         <name>crc.obj</name>
      </input_file>
      <input_file id="fl-16">
         <path>.\driverlib\</path>
         <kind>object</kind>
         <file>des.obj</file>
         <name>des.obj</name>
      </input_file>
      <input_file id="fl-17">
         <path>.\driverlib\</path>
         <kind>object</kind>
         <file>eeprom.obj</file>
         <name>eeprom.obj</name>
      </input_file>
      <input_file id="fl-18">
         <path>.\driverlib\</path>
         <kind>object</kind>
         <file>emac.obj</file>
         <name>emac.obj</name>
      </input_file>
      <input_file id="fl-19">
         <path>.\driverlib\</path>
         <kind>object</kind>
         <file>epi.obj</file>
         <name>epi.obj</name>
      </input_file>
      <input_file id="fl-1a">
         <path>.\driverlib\</path>
         <kind>object</kind>
         <file>epi_workaround_ccs.obj</file>
         <name>epi_workaround_ccs.obj</name>
      </input_file>
      <input_file id="fl-1b">
         <path>.\driverlib\</path>
         <kind>object</kind>
         <file>flash.obj</file>
         <name>flash.obj</name>
      </input_file>
      <input_file id="fl-1c">
         <path>.\driverlib\</path>
         <kind>object</kind>
         <file>fpu.obj</file>
         <name>fpu.obj</name>
      </input_file>
      <input_file id="fl-1d">
         <path>.\driverlib\</path>
         <kind>object</kind>
         <file>gpio.obj</file>
         <name>gpio.obj</name>
      </input_file>
      <input_file id="fl-1e">
         <path>.\driverlib\</path>
         <kind>object</kind>
         <file>hibernate.obj</file>
         <name>hibernate.obj</name>
      </input_file>
      <input_file id="fl-1f">
         <path>.\driverlib\</path>
         <kind>object</kind>
         <file>i2c.obj</file>
         <name>i2c.obj</name>
      </input_file>
      <input_file id="fl-20">
         <path>.\driverlib\</path>
         <kind>object</kind>
         <file>interrupt.obj</file>
         <name>interrupt.obj</name>
      </input_file>
      <input_file id="fl-21">
         <path>.\driverlib\</path>
         <kind>object</kind>
         <file>lcd.obj</file>
         <name>lcd.obj</name>
      </input_file>
      <input_file id="fl-22">
         <path>.\driverlib\</path>
         <kind>object</kind>
         <file>mpu.obj</file>
         <name>mpu.obj</name>
      </input_file>
      <input_file id="fl-23">
         <path>.\driverlib\</path>
         <kind>object</kind>
         <file>pwm.obj</file>
         <name>pwm.obj</name>
      </input_file>
      <input_file id="fl-24">
         <path>.\driverlib\</path>
         <kind>object</kind>
         <file>qei.obj</file>
         <name>qei.obj</name>
      </input_file>
      <input_file id="fl-25">
         <path>.\driverlib\</path>
         <kind>object</kind>
         <file>shamd5.obj</file>
         <name>shamd5.obj</name>
      </input_file>
      <input_file id="fl-26">
         <path>.\driverlib\</path>
         <kind>object</kind>
         <file>ssi.obj</file>
         <name>ssi.obj</name>
      </input_file>
      <input_file id="fl-27">
         <path>.\driverlib\</path>
         <kind>object</kind>
         <file>sw_crc.obj</file>
         <name>sw_crc.obj</name>
      </input_file>
      <input_file id="fl-28">
         <path>.\driverlib\</path>
         <kind>object</kind>
         <file>sysctl.obj</file>
         <name>sysctl.obj</name>
      </input_file>
      <input_file id="fl-29">
         <path>.\driverlib\</path>
         <kind>object</kind>
         <file>sysexc.obj</file>
         <name>sysexc.obj</name>
      </input_file>
      <input_file id="fl-2a">
         <path>.\driverlib\</path>
         <kind>object</kind>
         <file>systick.obj</file>
         <name>systick.obj</name>
      </input_file>
      <input_file id="fl-2b">
         <path>.\driverlib\</path>
         <kind>object</kind>
         <file>timer.obj</file>
         <name>timer.obj</name>
      </input_file>
      <input_file id="fl-2c">
         <path>.\driverlib\</path>
         <kind>object</kind>
         <file>uart.obj</file>
         <name>uart.obj</name>
      </input_file>
      <input_file id="fl-2d">
         <path>.\driverlib\</path>
         <kind>object</kind>
         <file>udma.obj</file>
         <name>udma.obj</name>
      </input_file>
      <input_file id="fl-2e">
         <path>.\driverlib\</path>
         <kind>object</kind>
         <file>usb.obj</file>
         <name>usb.obj</name>
      </input_file>
      <input_file id="fl-2f">
         <path>.\driverlib\</path>
         <kind>object</kind>
         <file>watchdog.obj</file>
         <name>watchdog.obj</name>
      </input_file>
      <input_file id="fl-37">
         <kind>object</kind>
         <file>&lt;internal&gt;</file>
         <name>&lt;internal&gt;</name>
      </input_file>
      <input_file id="fl-ed">
         <path>C:\ti\ccs1271\ccs\tools\compiler\ti-cgt-arm_20.2.7.LTS\lib\</path>
         <kind>archive</kind>
         <file>rtsv7M4_T_le_v4SPD16_eabi.lib</file>
         <name>memcpy_t2.asm.obj</name>
      </input_file>
      <input_file id="fl-ee">
         <path>C:\ti\ccs1271\ccs\tools\compiler\ti-cgt-arm_20.2.7.LTS\lib\</path>
         <kind>archive</kind>
         <file>rtsv7M4_T_le_v4SPD16_eabi.lib</file>
         <name>memset_t2.asm.obj</name>
      </input_file>
      <input_file id="fl-ef">
         <path>C:\ti\ccs1271\ccs\tools\compiler\ti-cgt-arm_20.2.7.LTS\lib\</path>
         <kind>archive</kind>
         <file>rtsv7M4_T_le_v4SPD16_eabi.lib</file>
         <name>ll_div_t2.asm.obj</name>
      </input_file>
      <input_file id="fl-f0">
         <path>C:\ti\ccs1271\ccs\tools\compiler\ti-cgt-arm_20.2.7.LTS\lib\</path>
         <kind>archive</kind>
         <file>rtsv7M4_T_le_v4SPD16_eabi.lib</file>
         <name>ull_div_t2.asm.obj</name>
      </input_file>
      <input_file id="fl-f1">
         <path>C:\ti\ccs1271\ccs\tools\compiler\ti-cgt-arm_20.2.7.LTS\lib\</path>
         <kind>archive</kind>
         <file>rtsv7M4_T_le_v4SPD16_eabi.lib</file>
         <name>copy_zero_init.c.obj</name>
      </input_file>
      <input_file id="fl-f2">
         <path>C:\ti\ccs1271\ccs\tools\compiler\ti-cgt-arm_20.2.7.LTS\lib\</path>
         <kind>archive</kind>
         <file>rtsv7M4_T_le_v4SPD16_eabi.lib</file>
         <name>copy_decompress_none.c.obj</name>
      </input_file>
      <input_file id="fl-f3">
         <path>C:\ti\ccs1271\ccs\tools\compiler\ti-cgt-arm_20.2.7.LTS\lib\</path>
         <kind>archive</kind>
         <file>rtsv7M4_T_le_v4SPD16_eabi.lib</file>
         <name>copy_decompress_lzss.c.obj</name>
      </input_file>
      <input_file id="fl-f4">
         <path>C:\ti\ccs1271\ccs\tools\compiler\ti-cgt-arm_20.2.7.LTS\lib\</path>
         <kind>archive</kind>
         <file>rtsv7M4_T_le_v4SPD16_eabi.lib</file>
         <name>boot_cortex_m.c.obj</name>
      </input_file>
      <input_file id="fl-f5">
         <path>C:\ti\ccs1271\ccs\tools\compiler\ti-cgt-arm_20.2.7.LTS\lib\</path>
         <kind>archive</kind>
         <file>rtsv7M4_T_le_v4SPD16_eabi.lib</file>
         <name>div0.asm.obj</name>
      </input_file>
      <input_file id="fl-f6">
         <path>C:\ti\ccs1271\ccs\tools\compiler\ti-cgt-arm_20.2.7.LTS\lib\</path>
         <kind>archive</kind>
         <file>rtsv7M4_T_le_v4SPD16_eabi.lib</file>
         <name>autoinit.c.obj</name>
      </input_file>
      <input_file id="fl-f7">
         <path>C:\ti\ccs1271\ccs\tools\compiler\ti-cgt-arm_20.2.7.LTS\lib\</path>
         <kind>archive</kind>
         <file>rtsv7M4_T_le_v4SPD16_eabi.lib</file>
         <name>pre_init.c.obj</name>
      </input_file>
      <input_file id="fl-f8">
         <path>C:\ti\ccs1271\ccs\tools\compiler\ti-cgt-arm_20.2.7.LTS\lib\</path>
         <kind>archive</kind>
         <file>rtsv7M4_T_le_v4SPD16_eabi.lib</file>
         <name>cpy_tbl.c.obj</name>
      </input_file>
      <input_file id="fl-f9">
         <path>C:\ti\ccs1271\ccs\tools\compiler\ti-cgt-arm_20.2.7.LTS\lib\</path>
         <kind>archive</kind>
         <file>rtsv7M4_T_le_v4SPD16_eabi.lib</file>
         <name>exit.c.obj</name>
      </input_file>
      <input_file id="fl-fa">
         <path>C:\ti\ccs1271\ccs\tools\compiler\ti-cgt-arm_20.2.7.LTS\lib\</path>
         <kind>archive</kind>
         <file>rtsv7M4_T_le_v4SPD16_eabi.lib</file>
         <name>_lock.c.obj</name>
      </input_file>
      <input_file id="fl-fb">
         <path>C:\ti\ccs1271\ccs\tools\compiler\ti-cgt-arm_20.2.7.LTS\lib\</path>
         <kind>archive</kind>
         <file>rtsv7M4_T_le_v4SPD16_eabi.lib</file>
         <name>args_main.c.obj</name>
      </input_file>
   </input_file_list>
   <object_component_list>
      <object_component id="oc-12">
         <name>.intvecs</name>
         <load_address>0x0</load_address>
         <run_address>0x0</run_address>
         <size>0x26c</size>
         <input_file_ref idref="fl-3"/>
      </object_component>
      <object_component id="oc-85">
         <name>.text</name>
         <load_address>0x26c</load_address>
         <run_address>0x26c</run_address>
         <size>0x1ff4</size>
         <input_file_ref idref="fl-7"/>
      </object_component>
      <object_component id="oc-a0">
         <name>.text</name>
         <load_address>0x2260</load_address>
         <run_address>0x2260</run_address>
         <size>0xf1a</size>
         <input_file_ref idref="fl-6"/>
      </object_component>
      <object_component id="oc-238">
         <name>.text</name>
         <load_address>0x317a</load_address>
         <run_address>0x317a</run_address>
         <size>0x2</size>
         <input_file_ref idref="fl-f5"/>
      </object_component>
      <object_component id="oc-184">
         <name>.text</name>
         <load_address>0x317c</load_address>
         <run_address>0x317c</run_address>
         <size>0xef4</size>
         <input_file_ref idref="fl-28"/>
      </object_component>
      <object_component id="oc-38">
         <name>.text</name>
         <load_address>0x4070</load_address>
         <run_address>0x4070</run_address>
         <size>0xc4c</size>
         <input_file_ref idref="fl-2"/>
      </object_component>
      <object_component id="oc-18a">
         <name>.text</name>
         <load_address>0x4cbc</load_address>
         <run_address>0x4cbc</run_address>
         <size>0xb88</size>
         <input_file_ref idref="fl-1d"/>
      </object_component>
      <object_component id="oc-190">
         <name>.text</name>
         <load_address>0x5844</load_address>
         <run_address>0x5844</run_address>
         <size>0x7c2</size>
         <input_file_ref idref="fl-10"/>
      </object_component>
      <object_component id="oc-be">
         <name>.text</name>
         <load_address>0x6008</load_address>
         <run_address>0x6008</run_address>
         <size>0x470</size>
         <input_file_ref idref="fl-17"/>
      </object_component>
      <object_component id="oc-248">
         <name>.text</name>
         <load_address>0x6478</load_address>
         <run_address>0x6478</run_address>
         <size>0x3c0</size>
         <input_file_ref idref="fl-20"/>
      </object_component>
      <object_component id="oc-32">
         <name>.text</name>
         <load_address>0x6838</load_address>
         <run_address>0x6838</run_address>
         <size>0x2b4</size>
         <input_file_ref idref="fl-9"/>
      </object_component>
      <object_component id="oc-b2">
         <name>.text</name>
         <load_address>0x6aec</load_address>
         <run_address>0x6aec</run_address>
         <size>0x1dc</size>
         <input_file_ref idref="fl-d"/>
      </object_component>
      <object_component id="oc-a6">
         <name>.text</name>
         <load_address>0x6cc8</load_address>
         <run_address>0x6cc8</run_address>
         <size>0x1c8</size>
         <input_file_ref idref="fl-f"/>
      </object_component>
      <object_component id="oc-136">
         <name>.text</name>
         <load_address>0x6e90</load_address>
         <run_address>0x6e90</run_address>
         <size>0x12a</size>
         <input_file_ref idref="fl-5"/>
      </object_component>
      <object_component id="oc-ac">
         <name>.text</name>
         <load_address>0x6fbc</load_address>
         <run_address>0x6fbc</run_address>
         <size>0xf0</size>
         <input_file_ref idref="fl-c"/>
      </object_component>
      <object_component id="oc-2d">
         <name>.text</name>
         <load_address>0x70ac</load_address>
         <run_address>0x70ac</run_address>
         <size>0xda</size>
         <input_file_ref idref="fl-a"/>
      </object_component>
      <object_component id="oc-130">
         <name>.text</name>
         <load_address>0x7188</load_address>
         <run_address>0x7188</run_address>
         <size>0xd0</size>
         <input_file_ref idref="fl-b"/>
      </object_component>
      <object_component id="oc-4c">
         <name>.text</name>
         <load_address>0x7258</load_address>
         <run_address>0x7258</run_address>
         <size>0x9c</size>
         <input_file_ref idref="fl-ed"/>
      </object_component>
      <object_component id="oc-23d">
         <name>.text</name>
         <load_address>0x72f4</load_address>
         <run_address>0x72f4</run_address>
         <size>0x96</size>
         <input_file_ref idref="fl-f0"/>
      </object_component>
      <object_component id="oc-10e">
         <name>.text</name>
         <load_address>0x738a</load_address>
         <run_address>0x738a</run_address>
         <size>0x7a</size>
         <input_file_ref idref="fl-ee"/>
      </object_component>
      <object_component id="oc-17d">
         <name>.text</name>
         <load_address>0x7404</load_address>
         <run_address>0x7404</run_address>
         <size>0x6e</size>
         <input_file_ref idref="fl-ef"/>
      </object_component>
      <object_component id="oc-15">
         <name>.text:decompress:lzss:__TI_decompress_lzss</name>
         <load_address>0x7472</load_address>
         <run_address>0x7472</run_address>
         <size>0x68</size>
         <input_file_ref idref="fl-f3"/>
      </object_component>
      <object_component id="oc-b8">
         <name>.text</name>
         <load_address>0x74dc</load_address>
         <run_address>0x74dc</run_address>
         <size>0x54</size>
         <input_file_ref idref="fl-e"/>
      </object_component>
      <object_component id="oc-1d0">
         <name>.text:__TI_auto_init_nobinit_nopinit:__TI_auto_init_nobinit_nopinit</name>
         <load_address>0x7530</load_address>
         <run_address>0x7530</run_address>
         <size>0x44</size>
         <input_file_ref idref="fl-f6"/>
      </object_component>
      <object_component id="oc-24e">
         <name>.text</name>
         <load_address>0x7574</load_address>
         <run_address>0x7574</run_address>
         <size>0x3e</size>
         <input_file_ref idref="fl-14"/>
      </object_component>
      <object_component id="oc-6a">
         <name>.text:_c_int00_noargs:_c_int00_noargs</name>
         <load_address>0x75b4</load_address>
         <run_address>0x75b4</run_address>
         <size>0x34</size>
         <input_file_ref idref="fl-f4"/>
      </object_component>
      <object_component id="oc-1b">
         <name>.text:decompress:none:__TI_decompress_none</name>
         <load_address>0x75e8</load_address>
         <run_address>0x75e8</run_address>
         <size>0xe</size>
         <input_file_ref idref="fl-f2"/>
      </object_component>
      <object_component id="oc-5e">
         <name>.text:decompress:ZI:__TI_zero_init</name>
         <load_address>0x75f6</load_address>
         <run_address>0x75f6</run_address>
         <size>0xc</size>
         <input_file_ref idref="fl-f1"/>
      </object_component>
      <object_component id="oc-27">
         <name>.text</name>
         <load_address>0x7602</load_address>
         <run_address>0x7602</run_address>
         <size>0xc</size>
         <input_file_ref idref="fl-3"/>
      </object_component>
      <object_component id="oc-19a">
         <name>.text:SysCtlDelay</name>
         <load_address>0x760e</load_address>
         <run_address>0x760e</run_address>
         <size>0x6</size>
         <input_file_ref idref="fl-28"/>
      </object_component>
      <object_component id="oc-114">
         <name>.text:_system_pre_init</name>
         <load_address>0x7614</load_address>
         <run_address>0x7614</run_address>
         <size>0x4</size>
         <input_file_ref idref="fl-f7"/>
      </object_component>
      <object_component id="oc-1c4">
         <name>.text:abort:abort</name>
         <load_address>0x7618</load_address>
         <run_address>0x7618</run_address>
         <size>0x4</size>
         <input_file_ref idref="fl-f9"/>
      </object_component>
      <object_component id="oc-257">
         <name>.const:g_pppui32XTALtoVCO</name>
         <load_address>0x761c</load_address>
         <run_address>0x761c</run_address>
         <size>0x120</size>
         <input_file_ref idref="fl-28"/>
      </object_component>
      <object_component id="oc-264">
         <name>.const:g_ppui32GPIOIntMapBlizzard</name>
         <load_address>0x773c</load_address>
         <run_address>0x773c</run_address>
         <size>0xc0</size>
         <input_file_ref idref="fl-1d"/>
      </object_component>
      <object_component id="oc-267">
         <name>.const:g_ppui32GPIOIntMapSnowflake</name>
         <load_address>0x77fc</load_address>
         <run_address>0x77fc</run_address>
         <size>0xc0</size>
         <input_file_ref idref="fl-1d"/>
      </object_component>
      <object_component id="oc-2b6">
         <name>.const:g_pui32Regs</name>
         <load_address>0x78bc</load_address>
         <run_address>0x78bc</run_address>
         <size>0x9c</size>
         <input_file_ref idref="fl-20"/>
      </object_component>
      <object_component id="oc-26a">
         <name>.const:g_pui32GPIOBaseAddrs</name>
         <load_address>0x7958</load_address>
         <run_address>0x7958</run_address>
         <size>0x90</size>
         <input_file_ref idref="fl-1d"/>
      </object_component>
      <object_component id="oc-254">
         <name>.const:g_pui32Xtals</name>
         <load_address>0x79e8</load_address>
         <run_address>0x79e8</run_address>
         <size>0x6c</size>
         <input_file_ref idref="fl-28"/>
      </object_component>
      <object_component id="oc-245">
         <name>.const:g_sXTALtoMEMTIM</name>
         <load_address>0x7a54</load_address>
         <run_address>0x7a54</run_address>
         <size>0x30</size>
         <input_file_ref idref="fl-28"/>
      </object_component>
      <object_component id="oc-2b3">
         <name>.const:g_pui32Priority</name>
         <load_address>0x7a84</load_address>
         <run_address>0x7a84</run_address>
         <size>0x20</size>
         <input_file_ref idref="fl-20"/>
      </object_component>
      <object_component id="oc-2bc">
         <name>.const:g_pui32Dii16Regs</name>
         <load_address>0x7aa4</load_address>
         <run_address>0x7aa4</run_address>
         <size>0x14</size>
         <input_file_ref idref="fl-20"/>
      </object_component>
      <object_component id="oc-2b9">
         <name>.const:g_pui32EnRegs</name>
         <load_address>0x7ab8</load_address>
         <run_address>0x7ab8</run_address>
         <size>0x14</size>
         <input_file_ref idref="fl-20"/>
      </object_component>
      <object_component id="oc-2bf">
         <name>.const:g_pui32PendRegs</name>
         <load_address>0x7acc</load_address>
         <run_address>0x7acc</run_address>
         <size>0x14</size>
         <input_file_ref idref="fl-20"/>
      </object_component>
      <object_component id="oc-2c2">
         <name>.const:g_pui32UnpendRegs</name>
         <load_address>0x7ae0</load_address>
         <run_address>0x7ae0</run_address>
         <size>0x14</size>
         <input_file_ref idref="fl-20"/>
      </object_component>
      <object_component id="oc-25a">
         <name>.const:g_pui32VCOFrequencies</name>
         <load_address>0x7af4</load_address>
         <run_address>0x7af4</run_address>
         <size>0x8</size>
         <input_file_ref idref="fl-28"/>
      </object_component>
      <object_component id="oc-82">
         <name>.const</name>
         <load_address>0x7afc</load_address>
         <run_address>0x7afc</run_address>
         <size>0x8</size>
         <input_file_ref idref="fl-9"/>
      </object_component>
      <object_component id="oc-146">
         <name>.const</name>
         <load_address>0x7b04</load_address>
         <run_address>0x7b04</run_address>
         <size>0x4</size>
         <input_file_ref idref="fl-7"/>
      </object_component>
      <object_component id="oc-34c">
         <name>.cinit..data.load</name>
         <load_address>0x7b08</load_address>
         <run_address>0x7b08</run_address>
         <size>0x18</size>
      </object_component>
      <object_component id="oc-349">
         <name>__TI_handler_table</name>
         <load_address>0x7b20</load_address>
         <run_address>0x7b20</run_address>
         <size>0xc</size>
      </object_component>
      <object_component id="oc-34d">
         <name>.cinit..bss.load</name>
         <load_address>0x7b30</load_address>
         <run_address>0x7b30</run_address>
         <size>0x8</size>
      </object_component>
      <object_component id="oc-34b">
         <name>.cinit..vtable.load</name>
         <load_address>0x7b38</load_address>
         <run_address>0x7b38</run_address>
         <size>0x8</size>
      </object_component>
      <object_component id="oc-34a">
         <name>__TI_cinit_table</name>
         <load_address>0x7b40</load_address>
         <run_address>0x7b40</run_address>
         <size>0x18</size>
      </object_component>
      <object_component id="oc-2b0">
         <name>.vtable</name>
         <uninitialized>true</uninitialized>
         <run_address>0x20000000</run_address>
         <size>0x26c</size>
         <input_file_ref idref="fl-20"/>
      </object_component>
      <object_component id="oc-dd">
         <name>.data</name>
         <load_address>0x2000268c</load_address>
         <run_address>0x2000268c</run_address>
         <size>0x7</size>
         <input_file_ref idref="fl-2"/>
      </object_component>
      <object_component id="oc-da">
         <name>.data:DriverSeatInfo</name>
         <load_address>0x20002693</load_address>
         <run_address>0x20002693</run_address>
         <size>0x3</size>
         <input_file_ref idref="fl-2"/>
      </object_component>
      <object_component id="oc-e0">
         <name>.data:PassengerSeatInfo</name>
         <load_address>0x20002696</load_address>
         <run_address>0x20002696</run_address>
         <size>0x3</size>
         <input_file_ref idref="fl-2"/>
      </object_component>
      <object_component id="oc-7f">
         <name>.data</name>
         <load_address>0x20002648</load_address>
         <run_address>0x20002648</run_address>
         <size>0x30</size>
         <input_file_ref idref="fl-7"/>
      </object_component>
      <object_component id="oc-8c">
         <name>.data</name>
         <load_address>0x20002678</load_address>
         <run_address>0x20002678</run_address>
         <size>0xc</size>
         <input_file_ref idref="fl-9"/>
      </object_component>
      <object_component id="oc-218">
         <name>.data</name>
         <load_address>0x20002684</load_address>
         <run_address>0x20002684</run_address>
         <size>0x8</size>
         <input_file_ref idref="fl-b"/>
      </object_component>
      <object_component id="oc-13c">
         <name>.bss:pxReadyTasksLists</name>
         <uninitialized>true</uninitialized>
         <run_address>0x2000226c</run_address>
         <size>0x78</size>
         <input_file_ref idref="fl-7"/>
      </object_component>
      <object_component id="oc-14d">
         <name>.bss:xDelayedTaskList1</name>
         <uninitialized>true</uninitialized>
         <run_address>0x20002394</run_address>
         <size>0x14</size>
         <input_file_ref idref="fl-7"/>
      </object_component>
      <object_component id="oc-150">
         <name>.bss:xDelayedTaskList2</name>
         <uninitialized>true</uninitialized>
         <run_address>0x200023a8</run_address>
         <size>0x14</size>
         <input_file_ref idref="fl-7"/>
      </object_component>
      <object_component id="oc-149">
         <name>.bss</name>
         <uninitialized>true</uninitialized>
         <run_address>0x200023e4</run_address>
         <size>0x8</size>
         <input_file_ref idref="fl-7"/>
      </object_component>
      <object_component id="oc-142">
         <name>.bss:xPendingReadyList</name>
         <uninitialized>true</uninitialized>
         <run_address>0x200023bc</run_address>
         <size>0x14</size>
         <input_file_ref idref="fl-7"/>
      </object_component>
      <object_component id="oc-13f">
         <name>.bss:xSuspendedTaskList</name>
         <uninitialized>true</uninitialized>
         <run_address>0x200023d0</run_address>
         <size>0x14</size>
         <input_file_ref idref="fl-7"/>
      </object_component>
      <object_component id="oc-21b">
         <name>.bss:ucHeap</name>
         <uninitialized>true</uninitialized>
         <run_address>0x2000026c</run_address>
         <size>0x2000</size>
         <input_file_ref idref="fl-b"/>
      </object_component>
      <object_component id="oc-26f">
         <name>.bss:g_pui8OversampleFactor</name>
         <uninitialized>true</uninitialized>
         <run_address>0x200023ec</run_address>
         <size>0x4</size>
         <input_file_ref idref="fl-10"/>
      </object_component>
      <object_component id="oc-e6">
         <name>.common:ERROR_CODE</name>
         <uninitialized>true</uninitialized>
         <run_address>0x200023f4</run_address>
         <size>0x4</size>
      </object_component>
      <object_component id="oc-e5">
         <name>.common:xLastWakeTime</name>
         <uninitialized>true</uninitialized>
         <run_address>0x20002428</run_address>
         <size>0x4</size>
      </object_component>
      <object_component id="oc-e3">
         <name>.common:DriverSelection</name>
         <uninitialized>true</uninitialized>
         <run_address>0x200023f0</run_address>
         <size>0x4</size>
      </object_component>
      <object_component id="oc-e4">
         <name>.common:PassengerSelection</name>
         <uninitialized>true</uninitialized>
         <run_address>0x200023f8</run_address>
         <size>0x4</size>
      </object_component>
      <object_component id="oc-14c">
         <name>.common:ullTasksOutTime</name>
         <uninitialized>true</uninitialized>
         <run_address>0x2000233c</run_address>
         <size>0x2c</size>
      </object_component>
      <object_component id="oc-145">
         <name>.common:ullTasksInTime</name>
         <uninitialized>true</uninitialized>
         <run_address>0x20002310</run_address>
         <size>0x2c</size>
      </object_component>
      <object_component id="oc-d9">
         <name>.common:ullTasksExecutionTime</name>
         <uninitialized>true</uninitialized>
         <run_address>0x200022e4</run_address>
         <size>0x2c</size>
      </object_component>
      <object_component id="oc-d8">
         <name>.common:ullTasksTotalTime</name>
         <uninitialized>true</uninitialized>
         <run_address>0x20002368</run_address>
         <size>0x2c</size>
      </object_component>
      <object_component id="oc-d0">
         <name>.common:xLM35GetTempMutex</name>
         <uninitialized>true</uninitialized>
         <run_address>0x20002424</run_address>
         <size>0x4</size>
      </object_component>
      <object_component id="oc-d1">
         <name>.common:xDriverInfoMutex</name>
         <uninitialized>true</uninitialized>
         <run_address>0x20002400</run_address>
         <size>0x4</size>
      </object_component>
      <object_component id="oc-d2">
         <name>.common:xPassengerInfoMutex</name>
         <uninitialized>true</uninitialized>
         <run_address>0x2000242c</run_address>
         <size>0x4</size>
      </object_component>
      <object_component id="oc-d3">
         <name>.common:xErrorReportingMutex</name>
         <uninitialized>true</uninitialized>
         <run_address>0x2000240c</run_address>
         <size>0x4</size>
      </object_component>
      <object_component id="oc-d4">
         <name>.common:xDriverInputSemaphore</name>
         <uninitialized>true</uninitialized>
         <run_address>0x20002404</run_address>
         <size>0x4</size>
      </object_component>
      <object_component id="oc-d5">
         <name>.common:xDriverInputSemaphoreFromSteering</name>
         <uninitialized>true</uninitialized>
         <run_address>0x20002408</run_address>
         <size>0x4</size>
      </object_component>
      <object_component id="oc-d6">
         <name>.common:xPassengerInputSemaphore</name>
         <uninitialized>true</uninitialized>
         <run_address>0x20002430</run_address>
         <size>0x4</size>
      </object_component>
      <object_component id="oc-d7">
         <name>.common:xSensorErrorHookSemaphore</name>
         <uninitialized>true</uninitialized>
         <run_address>0x2000243c</run_address>
         <size>0x4</size>
      </object_component>
      <object_component id="oc-c4">
         <name>.common:xGetDriverSeatTempHandle</name>
         <uninitialized>true</uninitialized>
         <run_address>0x20002418</run_address>
         <size>0x4</size>
      </object_component>
      <object_component id="oc-c7">
         <name>.common:xGetPassengerSeatTempHandle</name>
         <uninitialized>true</uninitialized>
         <run_address>0x20002420</run_address>
         <size>0x4</size>
      </object_component>
      <object_component id="oc-c8">
         <name>.common:xSetDriverSeatHeaterStateHandle</name>
         <uninitialized>true</uninitialized>
         <run_address>0x20002440</run_address>
         <size>0x4</size>
      </object_component>
      <object_component id="oc-c9">
         <name>.common:xSetPassengerSeatHeaterStateHandle</name>
         <uninitialized>true</uninitialized>
         <run_address>0x20002444</run_address>
         <size>0x4</size>
      </object_component>
      <object_component id="oc-ca">
         <name>.common:xDisplaySystemStateHandle</name>
         <uninitialized>true</uninitialized>
         <run_address>0x200023fc</run_address>
         <size>0x4</size>
      </object_component>
      <object_component id="oc-cb">
         <name>.common:xGetDriverInputHandle</name>
         <uninitialized>true</uninitialized>
         <run_address>0x20002414</run_address>
         <size>0x4</size>
      </object_component>
      <object_component id="oc-cf">
         <name>.common:xGetDriverInputFromSteeringHandle</name>
         <uninitialized>true</uninitialized>
         <run_address>0x20002410</run_address>
         <size>0x4</size>
      </object_component>
      <object_component id="oc-cc">
         <name>.common:xGetPassengerInputHandle</name>
         <uninitialized>true</uninitialized>
         <run_address>0x2000241c</run_address>
         <size>0x4</size>
      </object_component>
      <object_component id="oc-cd">
         <name>.common:xSensorErrorHookHandle</name>
         <uninitialized>true</uninitialized>
         <run_address>0x20002438</run_address>
         <size>0x4</size>
      </object_component>
      <object_component id="oc-ce">
         <name>.common:xRunTimeMeasurementsHandle</name>
         <uninitialized>true</uninitialized>
         <run_address>0x20002434</run_address>
         <size>0x4</size>
      </object_component>
      <object_component id="oc-24">
         <name>.stack</name>
         <uninitialized>true</uninitialized>
         <run_address>0x20002448</run_address>
         <size>0x4</size>
         <input_file_ref idref="fl-f4"/>
      </object_component>
      <object_component id="oc-34f">
         <name>.stack</name>
         <uninitialized>true</uninitialized>
         <run_address>0x20002448</run_address>
         <size>0x0</size>
      </object_component>
      <object_component id="oc-c5">
         <name>.debug_info</name>
         <load_address>0x0</load_address>
         <run_address>0x0</run_address>
         <size>0x10cd</size>
         <input_file_ref idref="fl-2"/>
      </object_component>
      <object_component id="oc-de">
         <name>.debug_info</name>
         <load_address>0x10cd</load_address>
         <run_address>0x10cd</run_address>
         <size>0x116</size>
         <input_file_ref idref="fl-2"/>
      </object_component>
      <object_component id="oc-db">
         <name>.debug_info</name>
         <load_address>0x11e3</load_address>
         <run_address>0x11e3</run_address>
         <size>0xcf</size>
         <input_file_ref idref="fl-2"/>
      </object_component>
      <object_component id="oc-e1">
         <name>.debug_info</name>
         <load_address>0x12b2</load_address>
         <run_address>0x12b2</run_address>
         <size>0xd5</size>
         <input_file_ref idref="fl-2"/>
      </object_component>
      <object_component id="oc-39">
         <name>.debug_info</name>
         <load_address>0x1387</load_address>
         <run_address>0x1387</run_address>
         <size>0x1819</size>
         <input_file_ref idref="fl-2"/>
      </object_component>
      <object_component id="oc-1ab">
         <name>.debug_info</name>
         <load_address>0x2ba0</load_address>
         <run_address>0x2ba0</run_address>
         <size>0xe8</size>
         <input_file_ref idref="fl-2"/>
      </object_component>
      <object_component id="oc-15d">
         <name>.debug_info</name>
         <load_address>0x2c88</load_address>
         <run_address>0x2c88</run_address>
         <size>0x315</size>
         <input_file_ref idref="fl-2"/>
      </object_component>
      <object_component id="oc-f4">
         <name>.debug_info</name>
         <load_address>0x2f9d</load_address>
         <run_address>0x2f9d</run_address>
         <size>0x26b</size>
         <input_file_ref idref="fl-2"/>
      </object_component>
      <object_component id="oc-167">
         <name>.debug_info</name>
         <load_address>0x3208</load_address>
         <run_address>0x3208</run_address>
         <size>0x3f8</size>
         <input_file_ref idref="fl-2"/>
      </object_component>
      <object_component id="oc-19f">
         <name>.debug_info</name>
         <load_address>0x3600</load_address>
         <run_address>0x3600</run_address>
         <size>0x4f</size>
         <input_file_ref idref="fl-2"/>
      </object_component>
      <object_component id="oc-1a4">
         <name>.debug_info</name>
         <load_address>0x364f</load_address>
         <run_address>0x364f</run_address>
         <size>0x2c</size>
         <input_file_ref idref="fl-2"/>
      </object_component>
      <object_component id="oc-e8">
         <name>.debug_info</name>
         <load_address>0x367b</load_address>
         <run_address>0x367b</run_address>
         <size>0x8b</size>
         <input_file_ref idref="fl-2"/>
      </object_component>
      <object_component id="oc-91">
         <name>.debug_info</name>
         <load_address>0x3706</load_address>
         <run_address>0x3706</run_address>
         <size>0x2c</size>
         <input_file_ref idref="fl-2"/>
      </object_component>
      <object_component id="oc-16c">
         <name>.debug_info</name>
         <load_address>0x3732</load_address>
         <run_address>0x3732</run_address>
         <size>0x2a4</size>
         <input_file_ref idref="fl-2"/>
      </object_component>
      <object_component id="oc-25e">
         <name>.debug_info</name>
         <load_address>0x39d6</load_address>
         <run_address>0x39d6</run_address>
         <size>0xef</size>
         <input_file_ref idref="fl-2"/>
      </object_component>
      <object_component id="oc-9b">
         <name>.debug_info</name>
         <load_address>0x3ac5</load_address>
         <run_address>0x3ac5</run_address>
         <size>0xbb</size>
         <input_file_ref idref="fl-2"/>
      </object_component>
      <object_component id="oc-ed">
         <name>.debug_info</name>
         <load_address>0x3b80</load_address>
         <run_address>0x3b80</run_address>
         <size>0xae</size>
         <input_file_ref idref="fl-2"/>
      </object_component>
      <object_component id="oc-158">
         <name>.debug_info</name>
         <load_address>0x3c2e</load_address>
         <run_address>0x3c2e</run_address>
         <size>0x53</size>
         <input_file_ref idref="fl-2"/>
      </object_component>
      <object_component id="oc-96">
         <name>.debug_info</name>
         <load_address>0x3c81</load_address>
         <run_address>0x3c81</run_address>
         <size>0x53</size>
         <input_file_ref idref="fl-2"/>
      </object_component>
      <object_component id="oc-162">
         <name>.debug_info</name>
         <load_address>0x3cd4</load_address>
         <run_address>0x3cd4</run_address>
         <size>0x14c</size>
         <input_file_ref idref="fl-2"/>
      </object_component>
      <object_component id="oc-40">
         <name>.debug_info</name>
         <load_address>0x3e20</load_address>
         <run_address>0x3e20</run_address>
         <size>0x34c</size>
         <input_file_ref idref="fl-3"/>
      </object_component>
      <object_component id="oc-13">
         <name>.debug_info</name>
         <load_address>0x416c</load_address>
         <run_address>0x416c</run_address>
         <size>0xdf</size>
         <input_file_ref idref="fl-3"/>
      </object_component>
      <object_component id="oc-29">
         <name>.debug_info</name>
         <load_address>0x424b</load_address>
         <run_address>0x424b</run_address>
         <size>0x25b</size>
         <input_file_ref idref="fl-3"/>
      </object_component>
      <object_component id="oc-47">
         <name>.debug_info</name>
         <load_address>0x44a6</load_address>
         <run_address>0x44a6</run_address>
         <size>0x84</size>
         <input_file_ref idref="fl-3"/>
      </object_component>
      <object_component id="oc-237">
         <name>.debug_info</name>
         <load_address>0x452a</load_address>
         <run_address>0x452a</run_address>
         <size>0x641</size>
         <input_file_ref idref="fl-4"/>
      </object_component>
      <object_component id="oc-178">
         <name>.debug_info</name>
         <load_address>0x4b6b</load_address>
         <run_address>0x4b6b</run_address>
         <size>0x110</size>
         <input_file_ref idref="fl-4"/>
      </object_component>
      <object_component id="oc-213">
         <name>.debug_info</name>
         <load_address>0x4c7b</load_address>
         <run_address>0x4c7b</run_address>
         <size>0x3f8</size>
         <input_file_ref idref="fl-4"/>
      </object_component>
      <object_component id="oc-2a2">
         <name>.debug_info</name>
         <load_address>0x5073</load_address>
         <run_address>0x5073</run_address>
         <size>0x62</size>
         <input_file_ref idref="fl-4"/>
      </object_component>
      <object_component id="oc-2a7">
         <name>.debug_info</name>
         <load_address>0x50d5</load_address>
         <run_address>0x50d5</run_address>
         <size>0x39</size>
         <input_file_ref idref="fl-4"/>
      </object_component>
      <object_component id="oc-204">
         <name>.debug_info</name>
         <load_address>0x510e</load_address>
         <run_address>0x510e</run_address>
         <size>0x4f</size>
         <input_file_ref idref="fl-4"/>
      </object_component>
      <object_component id="oc-221">
         <name>.debug_info</name>
         <load_address>0x515d</load_address>
         <run_address>0x515d</run_address>
         <size>0x378</size>
         <input_file_ref idref="fl-5"/>
      </object_component>
      <object_component id="oc-137">
         <name>.debug_info</name>
         <load_address>0x54d5</load_address>
         <run_address>0x54d5</run_address>
         <size>0x4e8</size>
         <input_file_ref idref="fl-5"/>
      </object_component>
      <object_component id="oc-177">
         <name>.debug_info</name>
         <load_address>0x59bd</load_address>
         <run_address>0x59bd</run_address>
         <size>0x84a</size>
         <input_file_ref idref="fl-6"/>
      </object_component>
      <object_component id="oc-a3">
         <name>.debug_info</name>
         <load_address>0x6207</load_address>
         <run_address>0x6207</run_address>
         <size>0x2f93</size>
         <input_file_ref idref="fl-6"/>
      </object_component>
      <object_component id="oc-232">
         <name>.debug_info</name>
         <load_address>0x919a</load_address>
         <run_address>0x919a</run_address>
         <size>0x1c7</size>
         <input_file_ref idref="fl-6"/>
      </object_component>
      <object_component id="oc-172">
         <name>.debug_info</name>
         <load_address>0x9361</load_address>
         <run_address>0x9361</run_address>
         <size>0x46</size>
         <input_file_ref idref="fl-6"/>
      </object_component>
      <object_component id="oc-209">
         <name>.debug_info</name>
         <load_address>0x93a7</load_address>
         <run_address>0x93a7</run_address>
         <size>0x35</size>
         <input_file_ref idref="fl-6"/>
      </object_component>
      <object_component id="oc-128">
         <name>.debug_info</name>
         <load_address>0x93dc</load_address>
         <run_address>0x93dc</run_address>
         <size>0x859</size>
         <input_file_ref idref="fl-7"/>
      </object_component>
      <object_component id="oc-80">
         <name>.debug_info</name>
         <load_address>0x9c35</load_address>
         <run_address>0x9c35</run_address>
         <size>0x2f4</size>
         <input_file_ref idref="fl-7"/>
      </object_component>
      <object_component id="oc-13d">
         <name>.debug_info</name>
         <load_address>0x9f29</load_address>
         <run_address>0x9f29</run_address>
         <size>0xe6</size>
         <input_file_ref idref="fl-7"/>
      </object_component>
      <object_component id="oc-14e">
         <name>.debug_info</name>
         <load_address>0xa00f</load_address>
         <run_address>0xa00f</run_address>
         <size>0xe6</size>
         <input_file_ref idref="fl-7"/>
      </object_component>
      <object_component id="oc-151">
         <name>.debug_info</name>
         <load_address>0xa0f5</load_address>
         <run_address>0xa0f5</run_address>
         <size>0xe6</size>
         <input_file_ref idref="fl-7"/>
      </object_component>
      <object_component id="oc-14a">
         <name>.debug_info</name>
         <load_address>0xa1db</load_address>
         <run_address>0xa1db</run_address>
         <size>0x129</size>
         <input_file_ref idref="fl-7"/>
      </object_component>
      <object_component id="oc-143">
         <name>.debug_info</name>
         <load_address>0xa304</load_address>
         <run_address>0xa304</run_address>
         <size>0xe6</size>
         <input_file_ref idref="fl-7"/>
      </object_component>
      <object_component id="oc-140">
         <name>.debug_info</name>
         <load_address>0xa3ea</load_address>
         <run_address>0xa3ea</run_address>
         <size>0xe8</size>
         <input_file_ref idref="fl-7"/>
      </object_component>
      <object_component id="oc-147">
         <name>.debug_info</name>
         <load_address>0xa4d2</load_address>
         <run_address>0xa4d2</run_address>
         <size>0xe7</size>
         <input_file_ref idref="fl-7"/>
      </object_component>
      <object_component id="oc-86">
         <name>.debug_info</name>
         <load_address>0xa5b9</load_address>
         <run_address>0xa5b9</run_address>
         <size>0x47ac</size>
         <input_file_ref idref="fl-7"/>
      </object_component>
      <object_component id="oc-129">
         <name>.debug_info</name>
         <load_address>0xed65</load_address>
         <run_address>0xed65</run_address>
         <size>0x30c</size>
         <input_file_ref idref="fl-7"/>
      </object_component>
      <object_component id="oc-20e">
         <name>.debug_info</name>
         <load_address>0xf071</load_address>
         <run_address>0xf071</run_address>
         <size>0x130</size>
         <input_file_ref idref="fl-7"/>
      </object_component>
      <object_component id="oc-90">
         <name>.debug_info</name>
         <load_address>0xf1a1</load_address>
         <run_address>0xf1a1</run_address>
         <size>0x45f</size>
         <input_file_ref idref="fl-9"/>
      </object_component>
      <object_component id="oc-83">
         <name>.debug_info</name>
         <load_address>0xf600</load_address>
         <run_address>0xf600</run_address>
         <size>0x15b</size>
         <input_file_ref idref="fl-9"/>
      </object_component>
      <object_component id="oc-8d">
         <name>.debug_info</name>
         <load_address>0xf75b</load_address>
         <run_address>0xf75b</run_address>
         <size>0x166</size>
         <input_file_ref idref="fl-9"/>
      </object_component>
      <object_component id="oc-35">
         <name>.debug_info</name>
         <load_address>0xf8c1</load_address>
         <run_address>0xf8c1</run_address>
         <size>0x8f2</size>
         <input_file_ref idref="fl-9"/>
      </object_component>
      <object_component id="oc-2f">
         <name>.debug_info</name>
         <load_address>0x101b3</load_address>
         <run_address>0x101b3</run_address>
         <size>0x248</size>
         <input_file_ref idref="fl-a"/>
      </object_component>
      <object_component id="oc-21f">
         <name>.debug_info</name>
         <load_address>0x103fb</load_address>
         <run_address>0x103fb</run_address>
         <size>0x411</size>
         <input_file_ref idref="fl-b"/>
      </object_component>
      <object_component id="oc-21c">
         <name>.debug_info</name>
         <load_address>0x1080c</load_address>
         <run_address>0x1080c</run_address>
         <size>0xe1</size>
         <input_file_ref idref="fl-b"/>
      </object_component>
      <object_component id="oc-219">
         <name>.debug_info</name>
         <load_address>0x108ed</load_address>
         <run_address>0x108ed</run_address>
         <size>0xef</size>
         <input_file_ref idref="fl-b"/>
      </object_component>
      <object_component id="oc-131">
         <name>.debug_info</name>
         <load_address>0x109dc</load_address>
         <run_address>0x109dc</run_address>
         <size>0x3ff</size>
         <input_file_ref idref="fl-b"/>
      </object_component>
      <object_component id="oc-197">
         <name>.debug_info</name>
         <load_address>0x10ddb</load_address>
         <run_address>0x10ddb</run_address>
         <size>0x49c</size>
         <input_file_ref idref="fl-c"/>
      </object_component>
      <object_component id="oc-ad">
         <name>.debug_info</name>
         <load_address>0x11277</load_address>
         <run_address>0x11277</run_address>
         <size>0x4d9</size>
         <input_file_ref idref="fl-c"/>
      </object_component>
      <object_component id="oc-b3">
         <name>.debug_info</name>
         <load_address>0x11750</load_address>
         <run_address>0x11750</run_address>
         <size>0x6b6</size>
         <input_file_ref idref="fl-d"/>
      </object_component>
      <object_component id="oc-b9">
         <name>.debug_info</name>
         <load_address>0x11e06</load_address>
         <run_address>0x11e06</run_address>
         <size>0x186</size>
         <input_file_ref idref="fl-e"/>
      </object_component>
      <object_component id="oc-183">
         <name>.debug_info</name>
         <load_address>0x11f8c</load_address>
         <run_address>0x11f8c</run_address>
         <size>0x260</size>
         <input_file_ref idref="fl-f"/>
      </object_component>
      <object_component id="oc-a7">
         <name>.debug_info</name>
         <load_address>0x121ec</load_address>
         <run_address>0x121ec</run_address>
         <size>0x460</size>
         <input_file_ref idref="fl-f"/>
      </object_component>
      <object_component id="oc-273">
         <name>.debug_info</name>
         <load_address>0x1264c</load_address>
         <run_address>0x1264c</run_address>
         <size>0x316</size>
         <input_file_ref idref="fl-10"/>
      </object_component>
      <object_component id="oc-270">
         <name>.debug_info</name>
         <load_address>0x12962</load_address>
         <run_address>0x12962</run_address>
         <size>0xe7</size>
         <input_file_ref idref="fl-10"/>
      </object_component>
      <object_component id="oc-191">
         <name>.debug_info</name>
         <load_address>0x12a49</load_address>
         <run_address>0x12a49</run_address>
         <size>0x2ac3</size>
         <input_file_ref idref="fl-10"/>
      </object_component>
      <object_component id="oc-250">
         <name>.debug_info</name>
         <load_address>0x1550c</load_address>
         <run_address>0x1550c</run_address>
         <size>0x32c</size>
         <input_file_ref idref="fl-14"/>
      </object_component>
      <object_component id="oc-19c">
         <name>.debug_info</name>
         <load_address>0x15838</load_address>
         <run_address>0x15838</run_address>
         <size>0x2c6</size>
         <input_file_ref idref="fl-17"/>
      </object_component>
      <object_component id="oc-bf">
         <name>.debug_info</name>
         <load_address>0x15afe</load_address>
         <run_address>0x15afe</run_address>
         <size>0x120e</size>
         <input_file_ref idref="fl-17"/>
      </object_component>
      <object_component id="oc-26e">
         <name>.debug_info</name>
         <load_address>0x16d0c</load_address>
         <run_address>0x16d0c</run_address>
         <size>0x340</size>
         <input_file_ref idref="fl-1d"/>
      </object_component>
      <object_component id="oc-265">
         <name>.debug_info</name>
         <load_address>0x1704c</load_address>
         <run_address>0x1704c</run_address>
         <size>0xf0</size>
         <input_file_ref idref="fl-1d"/>
      </object_component>
      <object_component id="oc-268">
         <name>.debug_info</name>
         <load_address>0x1713c</load_address>
         <run_address>0x1713c</run_address>
         <size>0xf2</size>
         <input_file_ref idref="fl-1d"/>
      </object_component>
      <object_component id="oc-26b">
         <name>.debug_info</name>
         <load_address>0x1722e</load_address>
         <run_address>0x1722e</run_address>
         <size>0xe4</size>
         <input_file_ref idref="fl-1d"/>
      </object_component>
      <object_component id="oc-18b">
         <name>.debug_info</name>
         <load_address>0x17312</load_address>
         <run_address>0x17312</run_address>
         <size>0x3042</size>
         <input_file_ref idref="fl-1d"/>
      </object_component>
      <object_component id="oc-2c6">
         <name>.debug_info</name>
         <load_address>0x1a354</load_address>
         <run_address>0x1a354</run_address>
         <size>0x32d</size>
         <input_file_ref idref="fl-20"/>
      </object_component>
      <object_component id="oc-2b4">
         <name>.debug_info</name>
         <load_address>0x1a681</load_address>
         <run_address>0x1a681</run_address>
         <size>0xdf</size>
         <input_file_ref idref="fl-20"/>
      </object_component>
      <object_component id="oc-2b7">
         <name>.debug_info</name>
         <load_address>0x1a760</load_address>
         <run_address>0x1a760</run_address>
         <size>0xd7</size>
         <input_file_ref idref="fl-20"/>
      </object_component>
      <object_component id="oc-2ba">
         <name>.debug_info</name>
         <load_address>0x1a837</load_address>
         <run_address>0x1a837</run_address>
         <size>0xdb</size>
         <input_file_ref idref="fl-20"/>
      </object_component>
      <object_component id="oc-2bd">
         <name>.debug_info</name>
         <load_address>0x1a912</load_address>
         <run_address>0x1a912</run_address>
         <size>0xe1</size>
         <input_file_ref idref="fl-20"/>
      </object_component>
      <object_component id="oc-2c0">
         <name>.debug_info</name>
         <load_address>0x1a9f3</load_address>
         <run_address>0x1a9f3</run_address>
         <size>0xdf</size>
         <input_file_ref idref="fl-20"/>
      </object_component>
      <object_component id="oc-2c3">
         <name>.debug_info</name>
         <load_address>0x1aad2</load_address>
         <run_address>0x1aad2</run_address>
         <size>0xe3</size>
         <input_file_ref idref="fl-20"/>
      </object_component>
      <object_component id="oc-2b1">
         <name>.debug_info</name>
         <load_address>0x1abb5</load_address>
         <run_address>0x1abb5</run_address>
         <size>0xe0</size>
         <input_file_ref idref="fl-20"/>
      </object_component>
      <object_component id="oc-249">
         <name>.debug_info</name>
         <load_address>0x1ac95</load_address>
         <run_address>0x1ac95</run_address>
         <size>0xce0</size>
         <input_file_ref idref="fl-20"/>
      </object_component>
      <object_component id="oc-263">
         <name>.debug_info</name>
         <load_address>0x1b975</load_address>
         <run_address>0x1b975</run_address>
         <size>0x39e</size>
         <input_file_ref idref="fl-28"/>
      </object_component>
      <object_component id="oc-255">
         <name>.debug_info</name>
         <load_address>0x1bd13</load_address>
         <run_address>0x1bd13</run_address>
         <size>0xd6</size>
         <input_file_ref idref="fl-28"/>
      </object_component>
      <object_component id="oc-258">
         <name>.debug_info</name>
         <load_address>0x1bde9</load_address>
         <run_address>0x1bde9</run_address>
         <size>0xe2</size>
         <input_file_ref idref="fl-28"/>
      </object_component>
      <object_component id="oc-246">
         <name>.debug_info</name>
         <load_address>0x1becb</load_address>
         <run_address>0x1becb</run_address>
         <size>0xdc</size>
         <input_file_ref idref="fl-28"/>
      </object_component>
      <object_component id="oc-25b">
         <name>.debug_info</name>
         <load_address>0x1bfa7</load_address>
         <run_address>0x1bfa7</run_address>
         <size>0xe9</size>
         <input_file_ref idref="fl-28"/>
      </object_component>
      <object_component id="oc-187">
         <name>.debug_info</name>
         <load_address>0x1c090</load_address>
         <run_address>0x1c090</run_address>
         <size>0x28f6</size>
         <input_file_ref idref="fl-28"/>
      </object_component>
      <object_component id="oc-2d0">
         <name>.debug_info</name>
         <load_address>0x1e986</load_address>
         <run_address>0x1e986</run_address>
         <size>0x51</size>
         <input_file_ref idref="fl-28"/>
      </object_component>
      <object_component id="oc-4d">
         <name>.debug_info</name>
         <load_address>0x1e9d7</load_address>
         <run_address>0x1e9d7</run_address>
         <size>0x119</size>
         <input_file_ref idref="fl-ed"/>
      </object_component>
      <object_component id="oc-111">
         <name>.debug_info</name>
         <load_address>0x1eaf0</load_address>
         <run_address>0x1eaf0</run_address>
         <size>0x147</size>
         <input_file_ref idref="fl-ee"/>
      </object_component>
      <object_component id="oc-17f">
         <name>.debug_info</name>
         <load_address>0x1ec37</load_address>
         <run_address>0x1ec37</run_address>
         <size>0x13f</size>
         <input_file_ref idref="fl-ef"/>
      </object_component>
      <object_component id="oc-23e">
         <name>.debug_info</name>
         <load_address>0x1ed76</load_address>
         <run_address>0x1ed76</run_address>
         <size>0x134</size>
         <input_file_ref idref="fl-f0"/>
      </object_component>
      <object_component id="oc-10d">
         <name>.debug_info</name>
         <load_address>0x1eeaa</load_address>
         <run_address>0x1eeaa</run_address>
         <size>0x2d4</size>
         <input_file_ref idref="fl-f1"/>
      </object_component>
      <object_component id="oc-60">
         <name>.debug_info</name>
         <load_address>0x1f17e</load_address>
         <run_address>0x1f17e</run_address>
         <size>0x1b5</size>
         <input_file_ref idref="fl-f1"/>
      </object_component>
      <object_component id="oc-108">
         <name>.debug_info</name>
         <load_address>0x1f333</load_address>
         <run_address>0x1f333</run_address>
         <size>0x46</size>
         <input_file_ref idref="fl-f1"/>
      </object_component>
      <object_component id="oc-1bb">
         <name>.debug_info</name>
         <load_address>0x1f379</load_address>
         <run_address>0x1f379</run_address>
         <size>0x2c</size>
         <input_file_ref idref="fl-f1"/>
      </object_component>
      <object_component id="oc-57">
         <name>.debug_info</name>
         <load_address>0x1f3a5</load_address>
         <run_address>0x1f3a5</run_address>
         <size>0x2a8</size>
         <input_file_ref idref="fl-f2"/>
      </object_component>
      <object_component id="oc-1d">
         <name>.debug_info</name>
         <load_address>0x1f64d</load_address>
         <run_address>0x1f64d</run_address>
         <size>0x1ea</size>
         <input_file_ref idref="fl-f2"/>
      </object_component>
      <object_component id="oc-52">
         <name>.debug_info</name>
         <load_address>0x1f837</load_address>
         <run_address>0x1f837</run_address>
         <size>0x46</size>
         <input_file_ref idref="fl-f2"/>
      </object_component>
      <object_component id="oc-100">
         <name>.debug_info</name>
         <load_address>0x1f87d</load_address>
         <run_address>0x1f87d</run_address>
         <size>0x2c</size>
         <input_file_ref idref="fl-f2"/>
      </object_component>
      <object_component id="oc-fe">
         <name>.debug_info</name>
         <load_address>0x1f8a9</load_address>
         <run_address>0x1f8a9</run_address>
         <size>0x29e</size>
         <input_file_ref idref="fl-f3"/>
      </object_component>
      <object_component id="oc-16">
         <name>.debug_info</name>
         <load_address>0x1fb47</load_address>
         <run_address>0x1fb47</run_address>
         <size>0x250</size>
         <input_file_ref idref="fl-f3"/>
      </object_component>
      <object_component id="oc-42">
         <name>.debug_info</name>
         <load_address>0x1fd97</load_address>
         <run_address>0x1fd97</run_address>
         <size>0x60</size>
         <input_file_ref idref="fl-f3"/>
      </object_component>
      <object_component id="oc-1b4">
         <name>.debug_info</name>
         <load_address>0x1fdf7</load_address>
         <run_address>0x1fdf7</run_address>
         <size>0x46</size>
         <input_file_ref idref="fl-f3"/>
      </object_component>
      <object_component id="oc-f9">
         <name>.debug_info</name>
         <load_address>0x1fe3d</load_address>
         <run_address>0x1fe3d</run_address>
         <size>0x39</size>
         <input_file_ref idref="fl-f3"/>
      </object_component>
      <object_component id="oc-25">
         <name>.debug_info</name>
         <load_address>0x1fe76</load_address>
         <run_address>0x1fe76</run_address>
         <size>0x10b</size>
         <input_file_ref idref="fl-f4"/>
      </object_component>
      <object_component id="oc-6d">
         <name>.debug_info</name>
         <load_address>0x1ff81</load_address>
         <run_address>0x1ff81</run_address>
         <size>0x1a9</size>
         <input_file_ref idref="fl-f4"/>
      </object_component>
      <object_component id="oc-239">
         <name>.debug_info</name>
         <load_address>0x2012a</load_address>
         <run_address>0x2012a</run_address>
         <size>0x115</size>
         <input_file_ref idref="fl-f5"/>
      </object_component>
      <object_component id="oc-283">
         <name>.debug_info</name>
         <load_address>0x2023f</load_address>
         <run_address>0x2023f</run_address>
         <size>0x4b3</size>
         <input_file_ref idref="fl-f6"/>
      </object_component>
      <object_component id="oc-1d2">
         <name>.debug_info</name>
         <load_address>0x206f2</load_address>
         <run_address>0x206f2</run_address>
         <size>0x1a6</size>
         <input_file_ref idref="fl-f6"/>
      </object_component>
      <object_component id="oc-2f0">
         <name>.debug_info</name>
         <load_address>0x20898</load_address>
         <run_address>0x20898</run_address>
         <size>0x39</size>
         <input_file_ref idref="fl-f6"/>
      </object_component>
      <object_component id="oc-314">
         <name>.debug_info</name>
         <load_address>0x208d1</load_address>
         <run_address>0x208d1</run_address>
         <size>0x39</size>
         <input_file_ref idref="fl-f6"/>
      </object_component>
      <object_component id="oc-2f5">
         <name>.debug_info</name>
         <load_address>0x2090a</load_address>
         <run_address>0x2090a</run_address>
         <size>0x39</size>
         <input_file_ref idref="fl-f6"/>
      </object_component>
      <object_component id="oc-2fa">
         <name>.debug_info</name>
         <load_address>0x20943</load_address>
         <run_address>0x20943</run_address>
         <size>0xcd</size>
         <input_file_ref idref="fl-f6"/>
      </object_component>
      <object_component id="oc-115">
         <name>.debug_info</name>
         <load_address>0x20a10</load_address>
         <run_address>0x20a10</run_address>
         <size>0x153</size>
         <input_file_ref idref="fl-f7"/>
      </object_component>
      <object_component id="oc-1c6">
         <name>.debug_info</name>
         <load_address>0x20b63</load_address>
         <run_address>0x20b63</run_address>
         <size>0x122</size>
         <input_file_ref idref="fl-f9"/>
      </object_component>
      <object_component id="oc-350">
         <name>.debug_info</name>
         <load_address>0x20c85</load_address>
         <run_address>0x20c85</run_address>
         <size>0x92</size>
      </object_component>
      <object_component id="oc-19e">
         <name>.debug_line</name>
         <load_address>0x0</load_address>
         <run_address>0x0</run_address>
         <size>0x1c7</size>
         <input_file_ref idref="fl-2"/>
      </object_component>
      <object_component id="oc-1b1">
         <name>.debug_line</name>
         <load_address>0x1c7</load_address>
         <run_address>0x1c7</run_address>
         <size>0x2d</size>
         <input_file_ref idref="fl-2"/>
      </object_component>
      <object_component id="oc-1aa">
         <name>.debug_line</name>
         <load_address>0x1f4</load_address>
         <run_address>0x1f4</run_address>
         <size>0x2d</size>
         <input_file_ref idref="fl-2"/>
      </object_component>
      <object_component id="oc-1b3">
         <name>.debug_line</name>
         <load_address>0x221</load_address>
         <run_address>0x221</run_address>
         <size>0x2d</size>
         <input_file_ref idref="fl-2"/>
      </object_component>
      <object_component id="oc-3d">
         <name>.debug_line</name>
         <load_address>0x24e</load_address>
         <run_address>0x24e</run_address>
         <size>0x3b8</size>
         <input_file_ref idref="fl-2"/>
      </object_component>
      <object_component id="oc-1ae">
         <name>.debug_line</name>
         <load_address>0x606</load_address>
         <run_address>0x606</run_address>
         <size>0x30</size>
         <input_file_ref idref="fl-2"/>
      </object_component>
      <object_component id="oc-160">
         <name>.debug_line</name>
         <load_address>0x636</load_address>
         <run_address>0x636</run_address>
         <size>0x60</size>
         <input_file_ref idref="fl-2"/>
      </object_component>
      <object_component id="oc-f7">
         <name>.debug_line</name>
         <load_address>0x696</load_address>
         <run_address>0x696</run_address>
         <size>0x6f</size>
         <input_file_ref idref="fl-2"/>
      </object_component>
      <object_component id="oc-16a">
         <name>.debug_line</name>
         <load_address>0x705</load_address>
         <run_address>0x705</run_address>
         <size>0x64</size>
         <input_file_ref idref="fl-2"/>
      </object_component>
      <object_component id="oc-1a2">
         <name>.debug_line</name>
         <load_address>0x769</load_address>
         <run_address>0x769</run_address>
         <size>0x61</size>
         <input_file_ref idref="fl-2"/>
      </object_component>
      <object_component id="oc-1a7">
         <name>.debug_line</name>
         <load_address>0x7ca</load_address>
         <run_address>0x7ca</run_address>
         <size>0x62</size>
         <input_file_ref idref="fl-2"/>
      </object_component>
      <object_component id="oc-eb">
         <name>.debug_line</name>
         <load_address>0x82c</load_address>
         <run_address>0x82c</run_address>
         <size>0x20</size>
         <input_file_ref idref="fl-2"/>
      </object_component>
      <object_component id="oc-94">
         <name>.debug_line</name>
         <load_address>0x84c</load_address>
         <run_address>0x84c</run_address>
         <size>0x64</size>
         <input_file_ref idref="fl-2"/>
      </object_component>
      <object_component id="oc-16f">
         <name>.debug_line</name>
         <load_address>0x8b0</load_address>
         <run_address>0x8b0</run_address>
         <size>0x73</size>
         <input_file_ref idref="fl-2"/>
      </object_component>
      <object_component id="oc-261">
         <name>.debug_line</name>
         <load_address>0x923</load_address>
         <run_address>0x923</run_address>
         <size>0x6f</size>
         <input_file_ref idref="fl-2"/>
      </object_component>
      <object_component id="oc-9e">
         <name>.debug_line</name>
         <load_address>0x992</load_address>
         <run_address>0x992</run_address>
         <size>0x70</size>
         <input_file_ref idref="fl-2"/>
      </object_component>
      <object_component id="oc-f0">
         <name>.debug_line</name>
         <load_address>0xa02</load_address>
         <run_address>0xa02</run_address>
         <size>0x54</size>
         <input_file_ref idref="fl-2"/>
      </object_component>
      <object_component id="oc-15b">
         <name>.debug_line</name>
         <load_address>0xa56</load_address>
         <run_address>0xa56</run_address>
         <size>0x6b</size>
         <input_file_ref idref="fl-2"/>
      </object_component>
      <object_component id="oc-99">
         <name>.debug_line</name>
         <load_address>0xac1</load_address>
         <run_address>0xac1</run_address>
         <size>0x73</size>
         <input_file_ref idref="fl-2"/>
      </object_component>
      <object_component id="oc-165">
         <name>.debug_line</name>
         <load_address>0xb34</load_address>
         <run_address>0xb34</run_address>
         <size>0x60</size>
         <input_file_ref idref="fl-2"/>
      </object_component>
      <object_component id="oc-f3">
         <name>.debug_line</name>
         <load_address>0xb94</load_address>
         <run_address>0xb94</run_address>
         <size>0x41</size>
         <input_file_ref idref="fl-3"/>
      </object_component>
      <object_component id="oc-3f">
         <name>.debug_line</name>
         <load_address>0xbd5</load_address>
         <run_address>0xbd5</run_address>
         <size>0x41</size>
         <input_file_ref idref="fl-3"/>
      </object_component>
      <object_component id="oc-2b">
         <name>.debug_line</name>
         <load_address>0xc16</load_address>
         <run_address>0xc16</run_address>
         <size>0xa1</size>
         <input_file_ref idref="fl-3"/>
      </object_component>
      <object_component id="oc-4a">
         <name>.debug_line</name>
         <load_address>0xcb7</load_address>
         <run_address>0xcb7</run_address>
         <size>0x20</size>
         <input_file_ref idref="fl-3"/>
      </object_component>
      <object_component id="oc-2a1">
         <name>.debug_line</name>
         <load_address>0xcd7</load_address>
         <run_address>0xcd7</run_address>
         <size>0x137</size>
         <input_file_ref idref="fl-4"/>
      </object_component>
      <object_component id="oc-17b">
         <name>.debug_line</name>
         <load_address>0xe0e</load_address>
         <run_address>0xe0e</run_address>
         <size>0x6b</size>
         <input_file_ref idref="fl-4"/>
      </object_component>
      <object_component id="oc-216">
         <name>.debug_line</name>
         <load_address>0xe79</load_address>
         <run_address>0xe79</run_address>
         <size>0x64</size>
         <input_file_ref idref="fl-4"/>
      </object_component>
      <object_component id="oc-2a5">
         <name>.debug_line</name>
         <load_address>0xedd</load_address>
         <run_address>0xedd</run_address>
         <size>0x45</size>
         <input_file_ref idref="fl-4"/>
      </object_component>
      <object_component id="oc-2aa">
         <name>.debug_line</name>
         <load_address>0xf22</load_address>
         <run_address>0xf22</run_address>
         <size>0x68</size>
         <input_file_ref idref="fl-4"/>
      </object_component>
      <object_component id="oc-207">
         <name>.debug_line</name>
         <load_address>0xf8a</load_address>
         <run_address>0xf8a</run_address>
         <size>0x62</size>
         <input_file_ref idref="fl-4"/>
      </object_component>
      <object_component id="oc-29f">
         <name>.debug_line</name>
         <load_address>0xfec</load_address>
         <run_address>0xfec</run_address>
         <size>0x20</size>
         <input_file_ref idref="fl-5"/>
      </object_component>
      <object_component id="oc-13b">
         <name>.debug_line</name>
         <load_address>0x100c</load_address>
         <run_address>0x100c</run_address>
         <size>0xf0</size>
         <input_file_ref idref="fl-5"/>
      </object_component>
      <object_component id="oc-231">
         <name>.debug_line</name>
         <load_address>0x10fc</load_address>
         <run_address>0x10fc</run_address>
         <size>0x137</size>
         <input_file_ref idref="fl-6"/>
      </object_component>
      <object_component id="oc-a5">
         <name>.debug_line</name>
         <load_address>0x1233</load_address>
         <run_address>0x1233</run_address>
         <size>0x73c</size>
         <input_file_ref idref="fl-6"/>
      </object_component>
      <object_component id="oc-235">
         <name>.debug_line</name>
         <load_address>0x196f</load_address>
         <run_address>0x196f</run_address>
         <size>0x3e</size>
         <input_file_ref idref="fl-6"/>
      </object_component>
      <object_component id="oc-175">
         <name>.debug_line</name>
         <load_address>0x19ad</load_address>
         <run_address>0x19ad</run_address>
         <size>0x61</size>
         <input_file_ref idref="fl-6"/>
      </object_component>
      <object_component id="oc-20c">
         <name>.debug_line</name>
         <load_address>0x1a0e</load_address>
         <run_address>0x1a0e</run_address>
         <size>0x74</size>
         <input_file_ref idref="fl-6"/>
      </object_component>
      <object_component id="oc-203">
         <name>.debug_line</name>
         <load_address>0x1a82</load_address>
         <run_address>0x1a82</run_address>
         <size>0x192</size>
         <input_file_ref idref="fl-7"/>
      </object_component>
      <object_component id="oc-127">
         <name>.debug_line</name>
         <load_address>0x1c14</load_address>
         <run_address>0x1c14</run_address>
         <size>0x3e</size>
         <input_file_ref idref="fl-7"/>
      </object_component>
      <object_component id="oc-223">
         <name>.debug_line</name>
         <load_address>0x1c52</load_address>
         <run_address>0x1c52</run_address>
         <size>0x3e</size>
         <input_file_ref idref="fl-7"/>
      </object_component>
      <object_component id="oc-22d">
         <name>.debug_line</name>
         <load_address>0x1c90</load_address>
         <run_address>0x1c90</run_address>
         <size>0x3e</size>
         <input_file_ref idref="fl-7"/>
      </object_component>
      <object_component id="oc-22f">
         <name>.debug_line</name>
         <load_address>0x1cce</load_address>
         <run_address>0x1cce</run_address>
         <size>0x3e</size>
         <input_file_ref idref="fl-7"/>
      </object_component>
      <object_component id="oc-22b">
         <name>.debug_line</name>
         <load_address>0x1d0c</load_address>
         <run_address>0x1d0c</run_address>
         <size>0x3e</size>
         <input_file_ref idref="fl-7"/>
      </object_component>
      <object_component id="oc-227">
         <name>.debug_line</name>
         <load_address>0x1d4a</load_address>
         <run_address>0x1d4a</run_address>
         <size>0x3e</size>
         <input_file_ref idref="fl-7"/>
      </object_component>
      <object_component id="oc-225">
         <name>.debug_line</name>
         <load_address>0x1d88</load_address>
         <run_address>0x1d88</run_address>
         <size>0x3e</size>
         <input_file_ref idref="fl-7"/>
      </object_component>
      <object_component id="oc-229">
         <name>.debug_line</name>
         <load_address>0x1dc6</load_address>
         <run_address>0x1dc6</run_address>
         <size>0x3e</size>
         <input_file_ref idref="fl-7"/>
      </object_component>
      <object_component id="oc-89">
         <name>.debug_line</name>
         <load_address>0x1e04</load_address>
         <run_address>0x1e04</run_address>
         <size>0xb5e</size>
         <input_file_ref idref="fl-7"/>
      </object_component>
      <object_component id="oc-12c">
         <name>.debug_line</name>
         <load_address>0x2962</load_address>
         <run_address>0x2962</run_address>
         <size>0x60</size>
         <input_file_ref idref="fl-7"/>
      </object_component>
      <object_component id="oc-211">
         <name>.debug_line</name>
         <load_address>0x29c2</load_address>
         <run_address>0x29c2</run_address>
         <size>0x3e</size>
         <input_file_ref idref="fl-7"/>
      </object_component>
      <object_component id="oc-157">
         <name>.debug_line</name>
         <load_address>0x2a00</load_address>
         <run_address>0x2a00</run_address>
         <size>0x93</size>
         <input_file_ref idref="fl-9"/>
      </object_component>
      <object_component id="oc-12f">
         <name>.debug_line</name>
         <load_address>0x2a93</load_address>
         <run_address>0x2a93</run_address>
         <size>0x53</size>
         <input_file_ref idref="fl-9"/>
      </object_component>
      <object_component id="oc-155">
         <name>.debug_line</name>
         <load_address>0x2ae6</load_address>
         <run_address>0x2ae6</run_address>
         <size>0x53</size>
         <input_file_ref idref="fl-9"/>
      </object_component>
      <object_component id="oc-34">
         <name>.debug_line</name>
         <load_address>0x2b39</load_address>
         <run_address>0x2b39</run_address>
         <size>0x192</size>
[...]
         <name>GPIOPinTypeKBRow</name>
         <value>0x56c7</value>
         <object_component_ref idref="oc-18a"/>
      </symbol>
      <symbol id="sm-888">
         <name>GPIOIntClear</name>
         <value>0x52df</value>
         <object_component_ref idref="oc-18a"/>
      </symbol>
      <symbol id="sm-889">
         <name>GPIOADCTriggerEnable</name>
         <value>0x5801</value>
         <object_component_ref idref="oc-18a"/>
      </symbol>
      <symbol id="sm-88a">
         <name>GPIOADCTriggerDisable</name>
         <value>0x581f</value>
         <object_component_ref idref="oc-18a"/>
      </symbol>
      <symbol id="sm-88b">
         <name>GPIOPinTypeUART</name>
         <value>0x560f</value>
         <object_component_ref idref="oc-18a"/>
      </symbol>
      <symbol id="sm-88c">
         <name>GPIOIntStatus</name>
         <value>0x52bd</value>
         <object_component_ref idref="oc-18a"/>
      </symbol>
      <symbol id="sm-88d">
         <name>GPIOPinTypeGPIOOutput</name>
         <value>0x545f</value>
         <object_component_ref idref="oc-18a"/>
      </symbol>
      <symbol id="sm-88e">
         <name>GPIOIntTypeGet</name>
         <value>0x4e67</value>
         <object_component_ref idref="oc-18a"/>
      </symbol>
      <symbol id="sm-88f">
         <name>GPIOPinRead</name>
         <value>0x532b</value>
         <object_component_ref idref="oc-18a"/>
      </symbol>
      <symbol id="sm-890">
         <name>GPIODirModeSet</name>
         <value>0x4d1b</value>
         <object_component_ref idref="oc-18a"/>
      </symbol>
      <symbol id="sm-891">
         <name>GPIOPinTypeCIR</name>
         <value>0x5733</value>
         <object_component_ref idref="oc-18a"/>
      </symbol>
      <symbol id="sm-892">
         <name>GPIOPinTypeQEI</name>
         <value>0x55a3</value>
         <object_component_ref idref="oc-18a"/>
      </symbol>
      <symbol id="sm-893">
         <name>GPIODMATriggerEnable</name>
         <value>0x57c5</value>
         <object_component_ref idref="oc-18a"/>
      </symbol>
      <symbol id="sm-894">
         <name>GPIOPinTypeEthernetMII</name>
         <value>0x5417</value>
         <object_component_ref idref="oc-18a"/>
      </symbol>
      <symbol id="sm-895">
         <name>GPIOPinWrite</name>
         <value>0x5343</value>
         <object_component_ref idref="oc-18a"/>
      </symbol>
      <symbol id="sm-896">
         <name>GPIOPadConfigSet</name>
         <value>0x4efd</value>
         <object_component_ref idref="oc-18a"/>
      </symbol>
      <symbol id="sm-897">
         <name>GPIOPinTypeLCD</name>
         <value>0x54ef</value>
         <object_component_ref idref="oc-18a"/>
      </symbol>
      <symbol id="sm-898">
         <name>GPIOPinTypeSSI</name>
         <value>0x55c7</value>
         <object_component_ref idref="oc-18a"/>
      </symbol>
      <symbol id="sm-899">
         <name>GPIOPinTypeTimer</name>
         <value>0x55eb</value>
         <object_component_ref idref="oc-18a"/>
      </symbol>
      <symbol id="sm-89a">
         <name>GPIOPinTypeCAN</name>
         <value>0x5387</value>
         <object_component_ref idref="oc-18a"/>
      </symbol>
      <symbol id="sm-89b">
         <name>GPIOPinTypePECITx</name>
         <value>0x555b</value>
         <object_component_ref idref="oc-18a"/>
      </symbol>
      <symbol id="sm-89c">
         <name>GPIOPinTypePECIRx</name>
         <value>0x5537</value>
         <object_component_ref idref="oc-18a"/>
      </symbol>
      <symbol id="sm-89d">
         <name>GPIOPinTypeEPI</name>
         <value>0x53cf</value>
         <object_component_ref idref="oc-18a"/>
      </symbol>
      <symbol id="sm-89e">
         <name>GPIOPinTypeEthernetLED</name>
         <value>0x53f3</value>
         <object_component_ref idref="oc-18a"/>
      </symbol>
      <symbol id="sm-89f">
         <name>GPIOPinWakeStatus</name>
         <value>0x5757</value>
         <object_component_ref idref="oc-18a"/>
      </symbol>
      <symbol id="sm-91e">
         <name>IntPendClear</name>
         <value>0x67a1</value>
         <object_component_ref idref="oc-248"/>
      </symbol>
      <symbol id="sm-91f">
         <name>IntPriorityGroupingGet</name>
         <value>0x651b</value>
         <object_component_ref idref="oc-248"/>
      </symbol>
      <symbol id="sm-920">
         <name>IntPrioritySet</name>
         <value>0x6553</value>
         <object_component_ref idref="oc-248"/>
      </symbol>
      <symbol id="sm-921">
         <name>IntIsEnabled</name>
         <value>0x66ab</value>
         <object_component_ref idref="oc-248"/>
      </symbol>
      <symbol id="sm-922">
         <name>IntEnable</name>
         <value>0x65c7</value>
         <object_component_ref idref="oc-248"/>
      </symbol>
      <symbol id="sm-923">
         <name>IntTrigger</name>
         <value>0x6803</value>
         <object_component_ref idref="oc-248"/>
      </symbol>
      <symbol id="sm-924">
         <name>IntPriorityMaskSet</name>
         <value>0x67ef</value>
         <object_component_ref idref="oc-248"/>
      </symbol>
      <symbol id="sm-925">
         <name>IntPriorityGroupingSet</name>
         <value>0x6501</value>
         <object_component_ref idref="oc-248"/>
      </symbol>
      <symbol id="sm-926">
         <name>IntDisable</name>
         <value>0x6639</value>
         <object_component_ref idref="oc-248"/>
      </symbol>
      <symbol id="sm-927">
         <name>IntRegister</name>
         <value>0x649b</value>
         <object_component_ref idref="oc-248"/>
      </symbol>
      <symbol id="sm-928">
         <name>IntPriorityGet</name>
         <value>0x65a3</value>
         <object_component_ref idref="oc-248"/>
      </symbol>
      <symbol id="sm-929">
         <name>IntMasterDisable</name>
         <value>0x648b</value>
         <object_component_ref idref="oc-248"/>
      </symbol>
      <symbol id="sm-92a">
         <name>IntUnregister</name>
         <value>0x64ed</value>
         <object_component_ref idref="oc-248"/>
      </symbol>
      <symbol id="sm-92b">
         <name>IntPriorityMaskGet</name>
         <value>0x67fb</value>
         <object_component_ref idref="oc-248"/>
      </symbol>
      <symbol id="sm-92c">
         <name>g_pfnRAMVectors</name>
         <value>0x20000000</value>
         <object_component_ref idref="oc-2b0"/>
      </symbol>
      <symbol id="sm-92d">
         <name>IntMasterEnable</name>
         <value>0x647b</value>
         <object_component_ref idref="oc-248"/>
      </symbol>
      <symbol id="sm-92e">
         <name>IntPendSet</name>
         <value>0x6731</value>
         <object_component_ref idref="oc-248"/>
      </symbol>
      <symbol id="sm-a68">
         <name>SysCtlGPIOAHBEnable</name>
         <value>0x3f4f</value>
         <object_component_ref idref="oc-184"/>
      </symbol>
      <symbol id="sm-a69">
         <name>SysCtlIntRegister</name>
         <value>0x3605</value>
         <object_component_ref idref="oc-184"/>
      </symbol>
      <symbol id="sm-a6a">
         <name>SysCtlFlashSizeGet</name>
         <value>0x3247</value>
         <object_component_ref idref="oc-184"/>
      </symbol>
      <symbol id="sm-a6b">
         <name>SysCtlPeripheralDeepSleepEnable</name>
         <value>0x3519</value>
         <object_component_ref idref="oc-184"/>
      </symbol>
      <symbol id="sm-a6c">
         <name>SysCtlLDODeepSleepGet</name>
         <value>0x36ab</value>
         <object_component_ref idref="oc-184"/>
      </symbol>
      <symbol id="sm-a6d">
         <name>SysCtlFlashSectorSizeGet</name>
         <value>0x3273</value>
         <object_component_ref idref="oc-184"/>
      </symbol>
      <symbol id="sm-a6e">
         <name>SysCtlIntDisable</name>
         <value>0x3641</value>
         <object_component_ref idref="oc-184"/>
      </symbol>
      <symbol id="sm-a6f">
         <name>SysCtlResetBehaviorGet</name>
         <value>0x3791</value>
         <object_component_ref idref="oc-184"/>
      </symbol>
      <symbol id="sm-a70">
         <name>SysCtlPeripheralPresent</name>
         <value>0x3299</value>
         <object_component_ref idref="oc-184"/>
      </symbol>
      <symbol id="sm-a71">
         <name>SysCtlDeepSleepClockSet</name>
         <value>0x3e77</value>
         <object_component_ref idref="oc-184"/>
      </symbol>
      <symbol id="sm-a72">
         <name>SysCtlClockSet</name>
         <value>0x3afd</value>
         <object_component_ref idref="oc-184"/>
      </symbol>
      <symbol id="sm-a73">
         <name>SysCtlAltClkConfig</name>
         <value>0x400f</value>
         <object_component_ref idref="oc-184"/>
      </symbol>
      <symbol id="sm-a74">
         <name>SysCtlPeripheralClockGating</name>
         <value>0x35b1</value>
         <object_component_ref idref="oc-184"/>
      </symbol>
      <symbol id="sm-a75">
         <name>SysCtlIntStatus</name>
         <value>0x3669</value>
         <object_component_ref idref="oc-184"/>
      </symbol>
      <symbol id="sm-a76">
         <name>SysCtlIntClear</name>
         <value>0x3659</value>
         <object_component_ref idref="oc-184"/>
      </symbol>
      <symbol id="sm-a77">
         <name>SysCtlVoltageEventStatus</name>
         <value>0x3fb9</value>
         <object_component_ref idref="oc-184"/>
      </symbol>
      <symbol id="sm-a78">
         <name>SysCtlVoltageEventConfig</name>
         <value>0x3fa9</value>
         <object_component_ref idref="oc-184"/>
      </symbol>
      <symbol id="sm-a79">
         <name>SysCtlResetCauseGet</name>
         <value>0x3701</value>
         <object_component_ref idref="oc-184"/>
      </symbol>
      <symbol id="sm-a7a">
         <name>SysCtlSleep</name>
         <value>0x36dd</value>
         <object_component_ref idref="oc-184"/>
      </symbol>
      <symbol id="sm-a7b">
         <name>SysCtlPWMClockGet</name>
         <value>0x3f39</value>
         <object_component_ref idref="oc-184"/>
      </symbol>
      <symbol id="sm-a7c">
         <name>SysCtlDeepSleepPowerSet</name>
         <value>0x36c5</value>
         <object_component_ref idref="oc-184"/>
      </symbol>
      <symbol id="sm-a7d">
         <name>SysCtlClockOutConfig</name>
         <value>0x3ff3</value>
         <object_component_ref idref="oc-184"/>
      </symbol>
      <symbol id="sm-a7e">
         <name>SysCtlNMIStatus</name>
         <value>0x3fd9</value>
         <object_component_ref idref="oc-184"/>
      </symbol>
      <symbol id="sm-a7f">
         <name>SysCtlDeepSleepClockConfigSet</name>
         <value>0x3e95</value>
         <object_component_ref idref="oc-184"/>
      </symbol>
      <symbol id="sm-a80">
         <name>SysCtlDelay</name>
         <value>0x760f</value>
         <object_component_ref idref="oc-19a"/>
      </symbol>
      <symbol id="sm-a81">
         <name>SysCtlVoltageEventClear</name>
         <value>0x3fc5</value>
         <object_component_ref idref="oc-184"/>
      </symbol>
      <symbol id="sm-a82">
         <name>SysCtlLDOSleepSet</name>
         <value>0x3685</value>
         <object_component_ref idref="oc-184"/>
      </symbol>
      <symbol id="sm-a83">
         <name>SysCtlMOSCConfigSet</name>
         <value>0x371b</value>
         <object_component_ref idref="oc-184"/>
      </symbol>
      <symbol id="sm-a84">
         <name>SysCtlPeripheralEnable</name>
         <value>0x3419</value>
         <object_component_ref idref="oc-184"/>
      </symbol>
      <symbol id="sm-a85">
         <name>SysCtlIntEnable</name>
         <value>0x362d</value>
         <object_component_ref idref="oc-184"/>
      </symbol>
      <symbol id="sm-a86">
         <name>SysCtlNMIClear</name>
         <value>0x3fdf</value>
         <object_component_ref idref="oc-184"/>
      </symbol>
      <symbol id="sm-a87">
         <name>SysCtlPeripheralPowerOff</name>
         <value>0x3355</value>
         <object_component_ref idref="oc-184"/>
      </symbol>
      <symbol id="sm-a88">
         <name>SysCtlSleepPowerSet</name>
         <value>0x36b1</value>
         <object_component_ref idref="oc-184"/>
      </symbol>
      <symbol id="sm-a89">
         <name>SysCtlDeepSleep</name>
         <value>0x36e5</value>
         <object_component_ref idref="oc-184"/>
      </symbol>
      <symbol id="sm-a8a">
         <name>SysCtlLDODeepSleepSet</name>
         <value>0x369b</value>
         <object_component_ref idref="oc-184"/>
      </symbol>
      <symbol id="sm-a8b">
         <name>SysCtlPeripheralPowerOn</name>
         <value>0x3319</value>
         <object_component_ref idref="oc-184"/>
      </symbol>
      <symbol id="sm-a8c">
         <name>SysCtlPeripheralDeepSleepDisable</name>
         <value>0x3569</value>
         <object_component_ref idref="oc-184"/>
      </symbol>
      <symbol id="sm-a8d">
         <name>SysCtlPeripheralSleepDisable</name>
         <value>0x34dd</value>
         <object_component_ref idref="oc-184"/>
      </symbol>
      <symbol id="sm-a8e">
         <name>SysCtlResetBehaviorSet</name>
         <value>0x3781</value>
         <object_component_ref idref="oc-184"/>
      </symbol>
      <symbol id="sm-a8f">
         <name>SysCtlReset</name>
         <value>0x36d5</value>
         <object_component_ref idref="oc-184"/>
      </symbol>
      <symbol id="sm-a90">
         <name>SysCtlGPIOAHBDisable</name>
         <value>0x3f6b</value>
         <object_component_ref idref="oc-184"/>
      </symbol>
      <symbol id="sm-a91">
         <name>SysCtlSRAMSizeGet</name>
         <value>0x323d</value>
         <object_component_ref idref="oc-184"/>
      </symbol>
      <symbol id="sm-a92">
         <name>SysCtlClockGet</name>
         <value>0x3cc9</value>
         <object_component_ref idref="oc-184"/>
      </symbol>
      <symbol id="sm-a93">
         <name>SysCtlPeripheralDisable</name>
         <value>0x3455</value>
         <object_component_ref idref="oc-184"/>
      </symbol>
      <symbol id="sm-a94">
         <name>SysCtlPWMClockSet</name>
         <value>0x3f1f</value>
         <object_component_ref idref="oc-184"/>
      </symbol>
      <symbol id="sm-a95">
         <name>SysCtlUSBPLLEnable</name>
         <value>0x3f87</value>
         <object_component_ref idref="oc-184"/>
      </symbol>
      <symbol id="sm-a96">
         <name>SysCtlPeripheralSleepEnable</name>
         <value>0x3499</value>
         <object_component_ref idref="oc-184"/>
      </symbol>
      <symbol id="sm-a97">
         <name>SysCtlIntUnregister</name>
         <value>0x361d</value>
         <object_component_ref idref="oc-184"/>
      </symbol>
      <symbol id="sm-a98">
         <name>SysCtlUSBPLLDisable</name>
         <value>0x3f99</value>
         <object_component_ref idref="oc-184"/>
      </symbol>
      <symbol id="sm-a99">
         <name>SysCtlPeripheralReady</name>
         <value>0x32d9</value>
         <object_component_ref idref="oc-184"/>
      </symbol>
      <symbol id="sm-a9a">
         <name>SysCtlPIOSCCalibrate</name>
         <value>0x3731</value>
         <object_component_ref idref="oc-184"/>
      </symbol>
      <symbol id="sm-a9b">
         <name>SysCtlResetCauseClear</name>
         <value>0x3707</value>
         <object_component_ref idref="oc-184"/>
      </symbol>
      <symbol id="sm-a9c">
         <name>SysCtlLDOSleepGet</name>
         <value>0x3695</value>
         <object_component_ref idref="oc-184"/>
      </symbol>
      <symbol id="sm-a9d">
         <name>SysCtlClockFreqSet</name>
         <value>0x37e5</value>
         <object_component_ref idref="oc-184"/>
      </symbol>
      <symbol id="sm-a9e">
         <name>SysCtlPeripheralReset</name>
         <value>0x3391</value>
         <object_component_ref idref="oc-184"/>
      </symbol>
      <symbol id="sm-ac0">
         <name>memcpy</name>
         <value>0x7259</value>
         <object_component_ref idref="oc-4c"/>
      </symbol>
      <symbol id="sm-ac1">
         <name>__aeabi_memcpy</name>
         <value>0x7259</value>
         <object_component_ref idref="oc-4c"/>
      </symbol>
      <symbol id="sm-ac2">
         <name>__aeabi_memcpy8</name>
         <value>0x7259</value>
         <object_component_ref idref="oc-4c"/>
      </symbol>
      <symbol id="sm-ac3">
         <name>__aeabi_memcpy4</name>
         <value>0x7259</value>
         <object_component_ref idref="oc-4c"/>
      </symbol>
      <symbol id="sm-ad2">
         <name>__aeabi_memset</name>
         <value>0x738d</value>
         <object_component_ref idref="oc-10e"/>
      </symbol>
      <symbol id="sm-ad3">
         <name>memset</name>
         <value>0x7393</value>
         <object_component_ref idref="oc-10e"/>
      </symbol>
      <symbol id="sm-ad4">
         <name>__aeabi_memset8</name>
         <value>0x738d</value>
         <object_component_ref idref="oc-10e"/>
      </symbol>
      <symbol id="sm-ad5">
         <name>__aeabi_memset4</name>
         <value>0x738d</value>
         <object_component_ref idref="oc-10e"/>
      </symbol>
      <symbol id="sm-ad6">
         <name>__aeabi_memclr8</name>
         <value>0x738b</value>
         <object_component_ref idref="oc-10e"/>
      </symbol>
      <symbol id="sm-ad7">
         <name>__aeabi_memclr4</name>
         <value>0x738b</value>
         <object_component_ref idref="oc-10e"/>
      </symbol>
      <symbol id="sm-ad8">
         <name>__aeabi_memclr</name>
         <value>0x738b</value>
         <object_component_ref idref="oc-10e"/>
      </symbol>
      <symbol id="sm-ae6">
         <name>__aeabi_ldivmod</name>
         <value>0x7405</value>
         <object_component_ref idref="oc-17d"/>
      </symbol>
      <symbol id="sm-af3">
         <name>__aeabi_uldivmod</name>
         <value>0x72f5</value>
         <object_component_ref idref="oc-23d"/>
      </symbol>
      <symbol id="sm-b0a">
         <name>__TI_zero_init</name>
         <value>0x75f7</value>
         <object_component_ref idref="oc-5e"/>
      </symbol>
      <symbol id="sm-b21">
         <name>__TI_decompress_none</name>
         <value>0x75e9</value>
         <object_component_ref idref="oc-1b"/>
      </symbol>
      <symbol id="sm-b44">
         <name>__TI_decompress_lzss</name>
         <value>0x7473</value>
         <object_component_ref idref="oc-15"/>
      </symbol>
      <symbol id="sm-b57">
         <name>__stack</name>
         <value>0x20002448</value>
         <object_component_ref idref="oc-24"/>
      </symbol>
      <symbol id="sm-b58">
         <name>_c_int00_noargs</name>
         <value>0x75b5</value>
         <object_component_ref idref="oc-6a"/>
      </symbol>
      <symbol id="sm-b62">
         <name>__aeabi_idiv0</name>
         <value>0x317b</value>
         <object_component_ref idref="oc-238"/>
      </symbol>
      <symbol id="sm-b63">
         <name>__aeabi_ldiv0</name>
         <value>0x317b</value>
         <object_component_ref idref="oc-238"/>
      </symbol>
      <symbol id="sm-b8b">
         <name>__TI_auto_init_nobinit_nopinit</name>
         <value>0x7531</value>
         <object_component_ref idref="oc-1d0"/>
      </symbol>
      <symbol id="sm-b95">
         <name>_system_pre_init</name>
         <value>0x7615</value>
         <object_component_ref idref="oc-114"/>
      </symbol>
      <symbol id="sm-ba1">
         <name>C$$EXIT</name>
         <value>0x7619</value>
         <object_component_ref idref="oc-1c4"/>
      </symbol>
      <symbol id="sm-ba2">
         <name>abort</name>
         <value>0x7619</value>
         <object_component_ref idref="oc-1c4"/>
      </symbol>
      <symbol id="sm-ba5">
         <name>__TI_static_base__</name>
         <value>0x0</value>
      </symbol>
      <symbol id="sm-ba8">
         <name>__mpu_init</name>
         <value>0x0</value>
      </symbol>
      <symbol id="sm-ba9">
         <name>_system_post_cinit</name>
         <value>0x0</value>
      </symbol>
   </symbol_table>
   <title>Link successful</title>
</link_info>
