******************************************************************************
                  TI ARM Linker PC v20.2.7                     
******************************************************************************
>> Linked Tue Nov 19 02:58:27 2024

OUTPUT FILE NAME:   <First RTOS Project.out>
ENTRY POINT SYMBOL: "_c_int00_noargs"  address: 000075b5


MEMORY CONFIGURATION

         name            origin    length      used     unused   attr    fill
----------------------  --------  ---------  --------  --------  ----  --------
  FLASH                 00000000   00040000  00007b58  000384a8  R  X
  SRAM                  20000000   00008000  00002699  00005967  RW X


SEGMENT ALLOCATION MAP

run origin  load origin   length   init length attrs members
----------  ----------- ---------- ----------- ----- -------
00000000    00000000    00007b58   00007b58    r-x
  00000000    00000000    0000026c   0000026c    r-- .intvecs
  0000026c    0000026c    000073b0   000073b0    r-x .text
  0000761c    0000761c    000004ec   000004ec    r-- .const
  00007b08    00007b08    00000050   00000050    r-- .cinit
20000000    20000000    00002699   00000000    rw-
  20000000    20000000    0000026c   00000000    rw- .vtable
  2000026c    2000026c    000021dc   00000000    rw- .bss
  20002448    20002448    00000200   00000000    rw- .stack
  20002648    20002648    00000051   00000000    rw- .data


SECTION ALLOCATION MAP

 output                                  attributes/
section   page    origin      length       input sections
--------  ----  ----------  ----------   ----------------
.intvecs   0    00000000    0000026c     
                  00000000    0000026c     tm4c123gh6pm_startup_ccs.obj (.intvecs)

.text      0    0000026c    000073b0     
                  0000026c    00001ff4     tasks.obj (.text)
                  00002260    00000f1a     queue.obj (.text)
                  0000317a    00000002     rtsv7M4_T_le_v4SPD16_eabi.lib : div0.asm.obj (.text)
                  0000317c    00000ef4     sysctl.obj (.text)
                  00004070    00000c4c     main.obj (.text)
                  00004cbc    00000b88     gpio.obj (.text)
                  00005844    000007c2     adc.obj (.text)
                  00006006    00000002     --HOLE-- [fill = 0]
                  00006008    00000470     eeprom.obj (.text)
                  00006478    000003c0     interrupt.obj (.text)
                  00006838    000002b4     port.obj (.text)
                  00006aec    000001dc     gpio.obj (.text)
                  00006cc8    000001c8     uart0.obj (.text)
                  00006e90    0000012a     list.obj (.text)
                  00006fba    00000002     --HOLE-- [fill = 0]
                  00006fbc    000000f0     lm35.obj (.text)
                  000070ac    000000da     portasm.obj (.text)
                  00007186    00000002     --HOLE-- [fill = 0]
                  00007188    000000d0     heap_1.obj (.text)
                  00007258    0000009c     rtsv7M4_T_le_v4SPD16_eabi.lib : memcpy_t2.asm.obj (.text)
                  000072f4    00000096                                   : ull_div_t2.asm.obj (.text)
                  0000738a    0000007a                                   : memset_t2.asm.obj (.text)
                  00007404    0000006e                                   : ll_div_t2.asm.obj (.text)
                  00007472    00000068                                   : copy_decompress_lzss.c.obj (.text:decompress:lzss:__TI_decompress_lzss)
                  000074da    00000002     --HOLE-- [fill = 0]
                  000074dc    00000054     GPTM.obj (.text)
                  00007530    00000044     rtsv7M4_T_le_v4SPD16_eabi.lib : autoinit.c.obj (.text:__TI_auto_init_nobinit_nopinit:__TI_auto_init_nobinit_nopinit)
                  00007574    0000003e     cpu.obj (.text)
                  000075b2    00000002     --HOLE-- [fill = 0]
                  000075b4    00000034     rtsv7M4_T_le_v4SPD16_eabi.lib : boot_cortex_m.c.obj (.text:_c_int00_noargs:_c_int00_noargs)
                  000075e8    0000000e                                   : copy_decompress_none.c.obj (.text:decompress:none:__TI_decompress_none)
                  000075f6    0000000c                                   : copy_zero_init.c.obj (.text:decompress:ZI:__TI_zero_init)
                  00007602    0000000c     tm4c123gh6pm_startup_ccs.obj (.text)
                  0000760e    00000006     sysctl.obj (.text:SysCtlDelay)
                  00007614    00000004     rtsv7M4_T_le_v4SPD16_eabi.lib : pre_init.c.obj (.text:_system_pre_init)
                  00007618    00000004                                   : exit.c.obj (.text:abort:abort)

.const     0    0000761c    000004ec     
                  0000761c    00000120     sysctl.obj (.const:g_pppui32XTALtoVCO)
                  0000773c    000000c0     gpio.obj (.const:g_ppui32GPIOIntMapBlizzard)
                  000077fc    000000c0     gpio.obj (.const:g_ppui32GPIOIntMapSnowflake)
                  000078bc    0000009c     interrupt.obj (.const:g_pui32Regs)
                  00007958    00000090     gpio.obj (.const:g_pui32GPIOBaseAddrs)
                  000079e8    0000006c     sysctl.obj (.const:g_pui32Xtals)
                  00007a54    00000030     sysctl.obj (.const:g_sXTALtoMEMTIM)
                  00007a84    00000020     interrupt.obj (.const:g_pui32Priority)
                  00007aa4    00000014     interrupt.obj (.const:g_pui32Dii16Regs)
                  00007ab8    00000014     interrupt.obj (.const:g_pui32EnRegs)
                  00007acc    00000014     interrupt.obj (.const:g_pui32PendRegs)
                  00007ae0    00000014     interrupt.obj (.const:g_pui32UnpendRegs)
                  00007af4    00000008     sysctl.obj (.const:g_pui32VCOFrequencies)
                  00007afc    00000008     port.obj (.const)
                  00007b04    00000004     tasks.obj (.const)

.cinit     0    00007b08    00000050     
                  00007b08    00000018     (.cinit..data.load) [load image, compression = lzss]
                  00007b20    0000000c     (__TI_handler_table)
                  00007b2c    00000004     --HOLE-- [fill = 0]
                  00007b30    00000008     (.cinit..bss.load) [load image, compression = zero_init]
                  00007b38    00000008     (.cinit..vtable.load) [load image, compression = zero_init]
                  00007b40    00000018     (__TI_cinit_table)

.init_array 
*          0    00000000    00000000     UNINITIALIZED

.vtable    0    20000000    0000026c     UNINITIALIZED
                  20000000    0000026c     interrupt.obj (.vtable)

.bss       0    2000026c    000021dc     UNINITIALIZED
                  2000026c    00002000     heap_1.obj (.bss:ucHeap)
                  2000226c    00000078     tasks.obj (.bss:pxReadyTasksLists)
                  200022e4    0000002c     (.common:ullTasksExecutionTime)
                  20002310    0000002c     (.common:ullTasksInTime)
                  2000233c    0000002c     (.common:ullTasksOutTime)
                  20002368    0000002c     (.common:ullTasksTotalTime)
                  20002394    00000014     tasks.obj (.bss:xDelayedTaskList1)
                  200023a8    00000014     tasks.obj (.bss:xDelayedTaskList2)
                  200023bc    00000014     tasks.obj (.bss:xPendingReadyList)
                  200023d0    00000014     tasks.obj (.bss:xSuspendedTaskList)
                  200023e4    00000008     tasks.obj (.bss)
                  200023ec    00000004     adc.obj (.bss:g_pui8OversampleFactor)
                  200023f0    00000004     (.common:DriverSelection)
                  200023f4    00000004     (.common:ERROR_CODE)
                  200023f8    00000004     (.common:PassengerSelection)
                  200023fc    00000004     (.common:xDisplaySystemStateHandle)
                  20002400    00000004     (.common:xDriverInfoMutex)
                  20002404    00000004     (.common:xDriverInputSemaphore)
                  20002408    00000004     (.common:xDriverInputSemaphoreFromSteering)
                  2000240c    00000004     (.common:xErrorReportingMutex)
                  20002410    00000004     (.common:xGetDriverInputFromSteeringHandle)
                  20002414    00000004     (.common:xGetDriverInputHandle)
                  20002418    00000004     (.common:xGetDriverSeatTempHandle)
                  2000241c    00000004     (.common:xGetPassengerInputHandle)
                  20002420    00000004     (.common:xGetPassengerSeatTempHandle)
                  20002424    00000004     (.common:xLM35GetTempMutex)
                  20002428    00000004     (.common:xLastWakeTime)
                  2000242c    00000004     (.common:xPassengerInfoMutex)
                  20002430    00000004     (.common:xPassengerInputSemaphore)
                  20002434    00000004     (.common:xRunTimeMeasurementsHandle)
                  20002438    00000004     (.common:xSensorErrorHookHandle)
                  2000243c    00000004     (.common:xSensorErrorHookSemaphore)
                  20002440    00000004     (.common:xSetDriverSeatHeaterStateHandle)
                  20002444    00000004     (.common:xSetPassengerSeatHeaterStateHandle)

.data      0    20002648    00000051     UNINITIALIZED
                  20002648    00000030     tasks.obj (.data)
                  20002678    0000000c     port.obj (.data)
                  20002684    00000008     heap_1.obj (.data)
                  2000268c    00000007     main.obj (.data)
                  20002693    00000003     main.obj (.data:DriverSeatInfo)
                  20002696    00000003     main.obj (.data:PassengerSeatInfo)

.stack     0    20002448    00000200     UNINITIALIZED
                  20002448    00000004     rtsv7M4_T_le_v4SPD16_eabi.lib : boot_cortex_m.c.obj (.stack)
                  2000244c    000001fc     --HOLE--

__llvm_prf_cnts 
*          0    20000000    00000000     UNINITIALIZED

MODULE SUMMARY

       Module                         code    ro data   rw data
       ------                         ----    -------   -------
    .\
       main.obj                       3148    0         277    
       tm4c123gh6pm_startup_ccs.obj   12      620       0      
    +--+------------------------------+-------+---------+---------+
       Total:                         3160    620       277    
                                                               
    .\FreeRTOS\Source\
       tasks.obj                      8180    4         256    
       queue.obj                      3866    0         0      
       list.obj                       298     0         0      
    +--+------------------------------+-------+---------+---------+
       Total:                         12344   4         256    
                                                               
    .\FreeRTOS\Source\portable\CCS\ARM_CM4F\
       port.obj                       692     8         12     
       portasm.obj                    218     0         0      
    +--+------------------------------+-------+---------+---------+
       Total:                         910     8         12     
                                                               
    .\FreeRTOS\Source\portable\MemMang\
       heap_1.obj                     208     0         8200   
    +--+------------------------------+-------+---------+---------+
       Total:                         208     0         8200   
                                                               
    .\HAL\LM35\
       lm35.obj                       240     0         0      
    +--+------------------------------+-------+---------+---------+
       Total:                         240     0         0      
                                                               
    .\MCAL\GPIO\
       gpio.obj                       476     0         0      
    +--+------------------------------+-------+---------+---------+
       Total:                         476     0         0      
                                                               
    .\MCAL\GPTM\
       GPTM.obj                       84      0         0      
    +--+------------------------------+-------+---------+---------+
       Total:                         84      0         0      
                                                               
    .\MCAL\UART\
       uart0.obj                      456     0         0      
    +--+------------------------------+-------+---------+---------+
       Total:                         456     0         0      
                                                               
    .\driverlib\
       sysctl.obj                     3834    452       0      
       gpio.obj                       2952    528       0      
       adc.obj                        1986    0         4      
       interrupt.obj                  960     268       620    
       eeprom.obj                     1136    0         0      
       cpu.obj                        62      0         0      
    +--+------------------------------+-------+---------+---------+
       Total:                         10930   1248      624    
                                                               
    C:\ti\ccs1271\ccs\tools\compiler\ti-cgt-arm_20.2.7.LTS\lib\rtsv7M4_T_le_v4SPD16_eabi.lib
       memcpy_t2.asm.obj              156     0         0      
       ull_div_t2.asm.obj             150     0         0      
       memset_t2.asm.obj              122     0         0      
       ll_div_t2.asm.obj              110     0         0      
       copy_decompress_lzss.c.obj     104     0         0      
       autoinit.c.obj                 68      0         0      
       boot_cortex_m.c.obj            52      0         0      
       copy_decompress_none.c.obj     14      0         0      
       copy_zero_init.c.obj           12      0         0      
       exit.c.obj                     4       0         0      
       pre_init.c.obj                 4       0         0      
       div0.asm.obj                   2       0         0      
    +--+------------------------------+-------+---------+---------+
       Total:                         798     0         0      
                                                               
       Stack:                         0       0         512    
       Linker Generated:              0       76        0      
    +--+------------------------------+-------+---------+---------+
       Grand Total:                   29606   1956      9881   


LINKER GENERATED COPY TABLES

__TI_cinit_table @ 00007b40 records: 3, size/record: 8, table size: 24
	.data: load addr=00007b08, load size=00000018 bytes, run addr=20002648, run size=00000051 bytes, compression=lzss
	.bss: load addr=00007b30, load size=00000008 bytes, run addr=2000026c, run size=000021dc bytes, compression=zero_init
	.vtable: load addr=00007b38, load size=00000008 bytes, run addr=20000000, run size=0000026c bytes, compression=zero_init


LINKER GENERATED HANDLER TABLE

__TI_handler_table @ 00007b20 records: 3, size/record: 4, table size: 12
	index: 0, handler: __TI_zero_init
	index: 1, handler: __TI_decompress_lzss
	index: 2, handler: __TI_decompress_none


GLOBAL SYMBOLS: SORTED ALPHABETICALLY BY Name 

address   name                               
-------   ----                               
00005f81  ADCBusy                            
00005fc9  ADCClockConfigGet                  
00005f9f  ADCClockConfigSet                  
00005d9b  ADCComparatorConfigure             
00005e6b  ADCComparatorIntClear              
00005e21  ADCComparatorIntDisable            
00005e3f  ADCComparatorIntEnable             
00005e5d  ADCComparatorIntStatus             
00005db7  ADCComparatorRegionSet             
00005ddb  ADCComparatorReset                 
00005d69  ADCHardwareOversampleConfigure     
0000597f  ADCIntClear                        
00005ee3  ADCIntClearEx                      
000058e5  ADCIntDisable                      
00005e7d  ADCIntDisableEx                    
00005901  ADCIntEnable                       
00005e95  ADCIntEnableEx                     
0000589f  ADCIntRegister                     
00005927  ADCIntStatus                       
00005eb1  ADCIntStatusEx                     
000058c7  ADCIntUnregister                   
00005f3b  ADCPhaseDelayGet                   
00005f29  ADCPhaseDelaySet                   
00005bdf  ADCProcessorTrigger                
00005f17  ADCReferenceGet                    
00005efb  ADCReferenceSet                    
000059c9  ADCSequenceConfigure               
00005f65  ADCSequenceDMADisable              
00005f49  ADCSequenceDMAEnable               
00005b9d  ADCSequenceDataGet                 
000059af  ADCSequenceDisable                 
00005995  ADCSequenceEnable                  
00005b41  ADCSequenceOverflow                
00005b59  ADCSequenceOverflowClear           
00005a4d  ADCSequenceStepConfigure           
00005b6f  ADCSequenceUnderflow               
00005b87  ADCSequenceUnderflowClear          
00005c03  ADCSoftwareOversampleConfigure     
00005cfb  ADCSoftwareOversampleDataGet       
00005c3b  ADCSoftwareOversampleStepConfigure 
00007619  C$$EXIT                            
000075a9  CPUbasepriGet                      
0000759b  CPUbasepriSet                      
00007575  CPUcpsid                           
0000758b  CPUcpsie                           
00007581  CPUprimask                         
00007597  CPUwfi                             
2000268c  DRIVER_SENSOR_ERROR                
20002693  DriverSeatInfo                     
200023f0  DriverSelection                    
00006fbd  DriverSensor_Init                  
000060cd  EEPROMBlockCountGet                
00006389  EEPROMBlockHide                    
00006315  EEPROMBlockLock                    
000062cd  EEPROMBlockPasswordSet             
0000628d  EEPROMBlockProtectGet              
000062a1  EEPROMBlockProtectSet              
0000633d  EEPROMBlockUnlock                  
0000607d  EEPROMInit                         
00006417  EEPROMIntClear                     
000063c9  EEPROMIntDisable                   
000063a5  EEPROMIntEnable                    
000063e7  EEPROMIntStatus                    
0000624f  EEPROMMassErase                    
00006131  EEPROMProgram                      
0000620d  EEPROMProgramNonBlocking           
000060db  EEPROMRead                         
000060c1  EEPROMSizeGet                      
0000643f  EEPROMStatusGet                    
200023f4  ERROR_CODE                         
0000581f  GPIOADCTriggerDisable              
00005801  GPIOADCTriggerEnable               
000057e3  GPIODMATriggerDisable              
000057c5  GPIODMATriggerEnable               
00004d77  GPIODirModeGet                     
00004d1b  GPIODirModeSet                     
000052df  GPIOIntClear                       
000052a3  GPIOIntDisable                     
00005289  GPIOIntEnable                      
000052f3  GPIOIntRegister                    
000052bd  GPIOIntStatus                      
00004e67  GPIOIntTypeGet                     
00004dc3  GPIOIntTypeSet                     
00005311  GPIOIntUnregister                  
00005137  GPIOPadConfigGet                   
00004efd  GPIOPadConfigSet                   
00005767  GPIOPinConfigure                   
0000532b  GPIOPinRead                        
00005363  GPIOPinTypeADC                     
00005387  GPIOPinTypeCAN                     
00005733  GPIOPinTypeCIR                     
000053ab  GPIOPinTypeComparator              
000053cf  GPIOPinTypeEPI                     
000053f3  GPIOPinTypeEthernetLED             
00005417  GPIOPinTypeEthernetMII             
0000543b  GPIOPinTypeGPIOInput               
0000545f  GPIOPinTypeGPIOOutput              
00005483  GPIOPinTypeGPIOOutputOD            
000054a7  GPIOPinTypeI2C                     
000054cb  GPIOPinTypeI2CSCL                  
000056eb  GPIOPinTypeKBColumn                
000056c7  GPIOPinTypeKBRow                   
000054ef  GPIOPinTypeLCD                     
0000570f  GPIOPinTypeLEDSeq                  
00005513  GPIOPinTypeLPC                     
00005537  GPIOPinTypePECIRx                  
0000555b  GPIOPinTypePECITx                  
0000557f  GPIOPinTypePWM                     
000055a3  GPIOPinTypeQEI                     
000055c7  GPIOPinTypeSSI                     
000055eb  GPIOPinTypeTimer                   
0000560f  GPIOPinTypeUART                    
00005633  GPIOPinTypeUSBAnalog               
00005657  GPIOPinTypeUSBDigital              
0000567b  GPIOPinTypeWakeHigh                
000056a1  GPIOPinTypeWakeLow                 
00005757  GPIOPinWakeStatus                  
00005343  GPIOPinWrite                       
00006b91  GPIO_BlueLedOff                    
00006b6d  GPIO_BlueLedOn                     
00006bb5  GPIO_BlueLedToggle                 
00006aed  GPIO_BuiltinButtonsLedsInit        
00006b9d  GPIO_GreenLedOff                   
00006b79  GPIO_GreenLedOn                    
00006bc1  GPIO_GreenLedToggle                
00006b85  GPIO_RedLedOff                     
00006b61  GPIO_RedLedOn                      
00006ba9  GPIO_RedLedToggle                  
00006be1  GPIO_SW1EdgeTriggeredInterruptInit 
00006bcd  GPIO_SW1GetState                   
00006c2f  GPIO_SW2EdgeTriggeredInterruptInit 
00006bd7  GPIO_SW2GetState                   
000074dd  GPTM_WTimer0Init                   
0000750d  GPTM_WTimer0Read                   
00006fd5  GetDriverSensorReading             
00007045  GetPassengerSensorReading          
00006639  IntDisable                         
000065c7  IntEnable                          
000066ab  IntIsEnabled                       
0000648b  IntMasterDisable                   
0000647b  IntMasterEnable                    
000067a1  IntPendClear                       
00006731  IntPendSet                         
000065a3  IntPriorityGet                     
0000651b  IntPriorityGroupingGet             
00006501  IntPriorityGroupingSet             
000067fb  IntPriorityMaskGet                 
000067ef  IntPriorityMaskSet                 
00006553  IntPrioritySet                     
0000649b  IntRegister                        
00006803  IntTrigger                         
000064ed  IntUnregister                      
2000268d  PASSENGER_SENSOR_ERROR             
20002696  PassengerSeatInfo                  
200023f8  PassengerSelection                 
0000702d  PassengerSensor_Init               
00007603  ResetISR                           
0000400f  SysCtlAltClkConfig                 
000037e5  SysCtlClockFreqSet                 
00003cc9  SysCtlClockGet                     
00003ff3  SysCtlClockOutConfig               
00003afd  SysCtlClockSet                     
000036e5  SysCtlDeepSleep                    
00003e95  SysCtlDeepSleepClockConfigSet      
00003e77  SysCtlDeepSleepClockSet            
000036c5  SysCtlDeepSleepPowerSet            
0000760f  SysCtlDelay                        
00003273  SysCtlFlashSectorSizeGet           
00003247  SysCtlFlashSizeGet                 
00003f6b  SysCtlGPIOAHBDisable               
00003f4f  SysCtlGPIOAHBEnable                
00003659  SysCtlIntClear                     
00003641  SysCtlIntDisable                   
0000362d  SysCtlIntEnable                    
00003605  SysCtlIntRegister                  
00003669  SysCtlIntStatus                    
0000361d  SysCtlIntUnregister                
000036ab  SysCtlLDODeepSleepGet              
0000369b  SysCtlLDODeepSleepSet              
00003695  SysCtlLDOSleepGet                  
00003685  SysCtlLDOSleepSet                  
0000371b  SysCtlMOSCConfigSet                
00003fdf  SysCtlNMIClear                     
00003fd9  SysCtlNMIStatus                    
00003731  SysCtlPIOSCCalibrate               
00003f39  SysCtlPWMClockGet                  
00003f1f  SysCtlPWMClockSet                  
000035b1  SysCtlPeripheralClockGating        
00003569  SysCtlPeripheralDeepSleepDisable   
00003519  SysCtlPeripheralDeepSleepEnable    
00003455  SysCtlPeripheralDisable            
00003419  SysCtlPeripheralEnable             
00003355  SysCtlPeripheralPowerOff           
00003319  SysCtlPeripheralPowerOn            
00003299  SysCtlPeripheralPresent            
000032d9  SysCtlPeripheralReady              
00003391  SysCtlPeripheralReset              
000034dd  SysCtlPeripheralSleepDisable       
00003499  SysCtlPeripheralSleepEnable        
000036d5  SysCtlReset                        
00003791  SysCtlResetBehaviorGet             
00003781  SysCtlResetBehaviorSet             
00003707  SysCtlResetCauseClear              
00003701  SysCtlResetCauseGet                
0000323d  SysCtlSRAMSizeGet                  
000036dd  SysCtlSleep                        
000036b1  SysCtlSleepPowerSet                
00003f99  SysCtlUSBPLLDisable                
00003f87  SysCtlUSBPLLEnable                 
00003fc5  SysCtlVoltageEventClear            
00003fa9  SysCtlVoltageEventConfig           
00003fb9  SysCtlVoltageEventStatus           
00006d1f  UART0_Init                         
00006d7b  UART0_ReceiveByte                  
00006d5f  UART0_SendByte                     
00006db1  UART0_SendInteger                  
00006d8b  UART0_SendString                   
20002648  __STACK_END                        
00000200  __STACK_SIZE                       
20002648  __STACK_TOP                        
00007b40  __TI_CINIT_Base                    
00007b58  __TI_CINIT_Limit                   
00007b20  __TI_Handler_Table_Base            
00007b2c  __TI_Handler_Table_Limit           
00007531  __TI_auto_init_nobinit_nopinit     
00007473  __TI_decompress_lzss               
000075e9  __TI_decompress_none               
ffffffff  __TI_pprof_out_hndl                
ffffffff  __TI_prof_data_size                
ffffffff  __TI_prof_data_start               
00000000  __TI_static_base__                 
000075f7  __TI_zero_init                     
0000317b  __aeabi_idiv0                      
0000317b  __aeabi_ldiv0                      
00007405  __aeabi_ldivmod                    
0000738b  __aeabi_memclr                     
0000738b  __aeabi_memclr4                    
0000738b  __aeabi_memclr8                    
00007259  __aeabi_memcpy                     
00007259  __aeabi_memcpy4                    
00007259  __aeabi_memcpy8                    
0000738d  __aeabi_memset                     
0000738d  __aeabi_memset4                    
0000738d  __aeabi_memset8                    
000072f5  __aeabi_uldivmod                   
ffffffff  __binit__                          
ffffffff  __c_args__                         
UNDEFED   __mpu_init                         
20002448  __stack                            
20000000  __start___llvm_prf_cnts            
20000000  __stop___llvm_prf_cnts             
000075b5  _c_int00_noargs                    
UNDEFED   _system_post_cinit                 
00007615  _system_pre_init                   
00007619  abort                              
ffffffff  binit                              
20000000  g_pfnRAMVectors                    
00000000  g_pfnVectors                       
00004071  main                               
00007259  memcpy                             
00007393  memset                             
00000bdd  pcTaskGetName                      
00007189  pvPortMalloc                       
00001915  pvTaskIncrementMutexHeldCount      
20002648  pxCurrentTCB                       
00006839  pxPortInitialiseStack              
00007afc  ulMaxSyscallInterruptPriority      
000070bd  ulPortGetIPSR                      
0000192d  ulTaskGenericNotifyTake            
00002125  ulTaskGenericNotifyValueClear      
200022e4  ullTasksExecutionTime              
20002310  ullTasksInTime                     
2000233c  ullTasksOutTime                    
20002368  ullTasksTotalTime                  
00006f73  uxListRemove                       
00002e51  uxQueueMessagesWaiting             
00002eaf  uxQueueMessagesWaitingFromISR      
00002e7b  uxQueueSpacesAvailable             
00000bcd  uxTaskGetNumberOfTasks             
000018ef  uxTaskResetEventItemValue          
00007b04  uxTopUsedPriority                  
00004739  vDisplaySystemState                
000048b5  vGPIOPortF_Handler                 
00004925  vGetDriverInput                    
000043f9  vGetDriverSeatTemp                 
00004a71  vGetPassengerInput                 
000044fd  vGetPassengerSeatTemp              
00006e91  vListInitialise                    
00006ec1  vListInitialiseItem                
00006f0d  vListInsert                        
00006ed1  vListInsertEnd                     
00007179  vPortEnableVFP                     
0000697d  vPortEndScheduler                  
000069a1  vPortEnterCritical                 
000069e3  vPortExitCritical                  
00007215  vPortFree                          
00007239  vPortInitialiseBlocks              
00007135  vPortSVCHandler                    
00006a35  vPortSetupTimerInterrupt           
00007155  vPortStartFirstTask                
00006a4f  vPortValidateInterruptPriority     
00002ed9  vQueueDelete                       
00004255  vRunTimeMeasurementsTask           
00004b2d  vSensorErrorHook                   
000045cd  vSetDriverSeatHeaterState          
00004671  vSetPassengerSeatHeaterState       
00000599  vTaskDelay                         
000009c5  vTaskEndScheduler                  
00001f0d  vTaskGenericNotifyGiveFromISR      
000013c5  vTaskInternalSetTimeOutState       
00001499  vTaskMissedYield                   
00001007  vTaskPlaceOnEventList              
00001045  vTaskPlaceOnUnorderedEventList     
000017a9  vTaskPriorityDisinheritAfterTimeout
00001259  vTaskRemoveFromUnorderedEventList  
00000775  vTaskResume                        
00000e67  vTaskSetApplicationTaskTag         
00001393  vTaskSetTimeOutState               
00000941  vTaskStartScheduler                
000005f9  vTaskSuspend                       
000009e1  vTaskSuspendAll                    
00000f3d  vTaskSwitchContext                 
200023fc  xDisplaySystemStateHandle          
20002400  xDriverInfoMutex                   
20002404  xDriverInputSemaphore              
20002408  xDriverInputSemaphoreFromSteering  
2000240c  xErrorReportingMutex               
20002410  xGetDriverInputFromSteeringHandle  
20002414  xGetDriverInputHandle              
20002418  xGetDriverSeatTempHandle           
2000241c  xGetPassengerInputHandle           
20002420  xGetPassengerSeatTempHandle        
20002424  xLM35GetTempMutex                  
20002428  xLastWakeTime                      
2000242c  xPassengerInfoMutex                
20002430  xPassengerInputSemaphore           
00007241  xPortGetFreeHeapSize               
000070d5  xPortPendSVHandler                 
000068c5  xPortStartScheduler                
00006a0f  xPortSysTickHandler                
00002447  xQueueCreateMutex                  
00002361  xQueueGenericCreate                
00002261  xQueueGenericReset                 
00002473  xQueueGenericSend                  
00002605  xQueueGenericSendFromISR           
0000273d  xQueueGiveFromISR                  
000030e7  xQueueIsQueueEmptyFromISR          
00003141  xQueueIsQueueFullFromISR           
00002b41  xQueuePeek                         
00002d9f  xQueuePeekFromISR                  
00002861  xQueueReceive                      
00002c99  xQueueReceiveFromISR               
000029b3  xQueueSemaphoreTake                
20002434  xRunTimeMeasurementsHandle         
20002438  xSensorErrorHookHandle             
2000243c  xSensorErrorHookSemaphore          
20002440  xSetDriverSeatHeaterStateHandle    
20002444  xSetPassengerSeatHeaterStateHandle 
00000eef  xTaskCallApplicationTaskHook       
00000c29  xTaskCatchUpTicks                  
000013ed  xTaskCheckForTimeOut               
0000026d  xTaskCreate                        
000004bf  xTaskDelayUntil                    
00001ad1  xTaskGenericNotify                 
00001cb7  xTaskGenericNotifyFromISR          
000020bd  xTaskGenericNotifyStateClear       
000019e9  xTaskGenericNotifyWait             
00000e8d  xTaskGetApplicationTaskTag         
00000eb5  xTaskGetApplicationTaskTagFromISR  
0000154d  xTaskGetCurrentTaskHandle          
00000ba9  xTaskGetTickCount                  
00000bb9  xTaskGetTickCountFromISR           
00000c91  xTaskIncrementTick                 
00001681  xTaskPriorityDisinherit            
00001565  xTaskPriorityInherit               
000010f1  xTaskRemoveFromEventList           
00000a01  xTaskResumeAll                     
00000849  xTaskResumeFromISR                 


GLOBAL SYMBOLS: SORTED BY Symbol Address 

address   name                               
-------   ----                               
00000000  __TI_static_base__                 
00000000  g_pfnVectors                       
00000200  __STACK_SIZE                       
0000026d  xTaskCreate                        
000004bf  xTaskDelayUntil                    
00000599  vTaskDelay                         
000005f9  vTaskSuspend                       
00000775  vTaskResume                        
00000849  xTaskResumeFromISR                 
00000941  vTaskStartScheduler                
000009c5  vTaskEndScheduler                  
000009e1  vTaskSuspendAll                    
00000a01  xTaskResumeAll                     
00000ba9  xTaskGetTickCount                  
00000bb9  xTaskGetTickCountFromISR           
00000bcd  uxTaskGetNumberOfTasks             
00000bdd  pcTaskGetName                      
00000c29  xTaskCatchUpTicks                  
00000c91  xTaskIncrementTick                 
00000e67  vTaskSetApplicationTaskTag         
00000e8d  xTaskGetApplicationTaskTag         
00000eb5  xTaskGetApplicationTaskTagFromISR  
00000eef  xTaskCallApplicationTaskHook       
00000f3d  vTaskSwitchContext                 
00001007  vTaskPlaceOnEventList              
00001045  vTaskPlaceOnUnorderedEventList     
000010f1  xTaskRemoveFromEventList           
00001259  vTaskRemoveFromUnorderedEventList  
00001393  vTaskSetTimeOutState               
000013c5  vTaskInternalSetTimeOutState       
000013ed  xTaskCheckForTimeOut               
00001499  vTaskMissedYield                   
0000154d  xTaskGetCurrentTaskHandle          
00001565  xTaskPriorityInherit               
00001681  xTaskPriorityDisinherit            
000017a9  vTaskPriorityDisinheritAfterTimeout
000018ef  uxTaskResetEventItemValue          
00001915  pvTaskIncrementMutexHeldCount      
0000192d  ulTaskGenericNotifyTake            
000019e9  xTaskGenericNotifyWait             
00001ad1  xTaskGenericNotify                 
00001cb7  xTaskGenericNotifyFromISR          
00001f0d  vTaskGenericNotifyGiveFromISR      
000020bd  xTaskGenericNotifyStateClear       
00002125  ulTaskGenericNotifyValueClear      
00002261  xQueueGenericReset                 
00002361  xQueueGenericCreate                
00002447  xQueueCreateMutex                  
00002473  xQueueGenericSend                  
00002605  xQueueGenericSendFromISR           
0000273d  xQueueGiveFromISR                  
00002861  xQueueReceive                      
000029b3  xQueueSemaphoreTake                
00002b41  xQueuePeek                         
00002c99  xQueueReceiveFromISR               
00002d9f  xQueuePeekFromISR                  
00002e51  uxQueueMessagesWaiting             
00002e7b  uxQueueSpacesAvailable             
00002eaf  uxQueueMessagesWaitingFromISR      
00002ed9  vQueueDelete                       
000030e7  xQueueIsQueueEmptyFromISR          
00003141  xQueueIsQueueFullFromISR           
0000317b  __aeabi_idiv0                      
0000317b  __aeabi_ldiv0                      
0000323d  SysCtlSRAMSizeGet                  
00003247  SysCtlFlashSizeGet                 
00003273  SysCtlFlashSectorSizeGet           
00003299  SysCtlPeripheralPresent            
000032d9  SysCtlPeripheralReady              
00003319  SysCtlPeripheralPowerOn            
00003355  SysCtlPeripheralPowerOff           
00003391  SysCtlPeripheralReset              
00003419  SysCtlPeripheralEnable             
00003455  SysCtlPeripheralDisable            
00003499  SysCtlPeripheralSleepEnable        
000034dd  SysCtlPeripheralSleepDisable       
00003519  SysCtlPeripheralDeepSleepEnable    
00003569  SysCtlPeripheralDeepSleepDisable   
000035b1  SysCtlPeripheralClockGating        
00003605  SysCtlIntRegister                  
0000361d  SysCtlIntUnregister                
0000362d  SysCtlIntEnable                    
00003641  SysCtlIntDisable                   
00003659  SysCtlIntClear                     
00003669  SysCtlIntStatus                    
00003685  SysCtlLDOSleepSet                  
00003695  SysCtlLDOSleepGet                  
0000369b  SysCtlLDODeepSleepSet              
000036ab  SysCtlLDODeepSleepGet              
000036b1  SysCtlSleepPowerSet                
000036c5  SysCtlDeepSleepPowerSet            
000036d5  SysCtlReset                        
000036dd  SysCtlSleep                        
000036e5  SysCtlDeepSleep                    
00003701  SysCtlResetCauseGet                
00003707  SysCtlResetCauseClear              
0000371b  SysCtlMOSCConfigSet                
00003731  SysCtlPIOSCCalibrate               
00003781  SysCtlResetBehaviorSet             
00003791  SysCtlResetBehaviorGet             
000037e5  SysCtlClockFreqSet                 
00003afd  SysCtlClockSet                     
00003cc9  SysCtlClockGet                     
00003e77  SysCtlDeepSleepClockSet            
00003e95  SysCtlDeepSleepClockConfigSet      
00003f1f  SysCtlPWMClockSet                  
00003f39  SysCtlPWMClockGet                  
00003f4f  SysCtlGPIOAHBEnable                
00003f6b  SysCtlGPIOAHBDisable               
00003f87  SysCtlUSBPLLEnable                 
00003f99  SysCtlUSBPLLDisable                
00003fa9  SysCtlVoltageEventConfig           
00003fb9  SysCtlVoltageEventStatus           
00003fc5  SysCtlVoltageEventClear            
00003fd9  SysCtlNMIStatus                    
00003fdf  SysCtlNMIClear                     
00003ff3  SysCtlClockOutConfig               
0000400f  SysCtlAltClkConfig                 
00004071  main                               
00004255  vRunTimeMeasurementsTask           
000043f9  vGetDriverSeatTemp                 
000044fd  vGetPassengerSeatTemp              
000045cd  vSetDriverSeatHeaterState          
00004671  vSetPassengerSeatHeaterState       
00004739  vDisplaySystemState                
000048b5  vGPIOPortF_Handler                 
00004925  vGetDriverInput                    
00004a71  vGetPassengerInput                 
00004b2d  vSensorErrorHook                   
00004d1b  GPIODirModeSet                     
00004d77  GPIODirModeGet                     
00004dc3  GPIOIntTypeSet                     
00004e67  GPIOIntTypeGet                     
00004efd  GPIOPadConfigSet                   
00005137  GPIOPadConfigGet                   
00005289  GPIOIntEnable                      
000052a3  GPIOIntDisable                     
000052bd  GPIOIntStatus                      
000052df  GPIOIntClear                       
000052f3  GPIOIntRegister                    
00005311  GPIOIntUnregister                  
0000532b  GPIOPinRead                        
00005343  GPIOPinWrite                       
00005363  GPIOPinTypeADC                     
00005387  GPIOPinTypeCAN                     
000053ab  GPIOPinTypeComparator              
000053cf  GPIOPinTypeEPI                     
000053f3  GPIOPinTypeEthernetLED             
00005417  GPIOPinTypeEthernetMII             
0000543b  GPIOPinTypeGPIOInput               
0000545f  GPIOPinTypeGPIOOutput              
00005483  GPIOPinTypeGPIOOutputOD            
000054a7  GPIOPinTypeI2C                     
000054cb  GPIOPinTypeI2CSCL                  
000054ef  GPIOPinTypeLCD                     
00005513  GPIOPinTypeLPC                     
00005537  GPIOPinTypePECIRx                  
0000555b  GPIOPinTypePECITx                  
0000557f  GPIOPinTypePWM                     
000055a3  GPIOPinTypeQEI                     
000055c7  GPIOPinTypeSSI                     
000055eb  GPIOPinTypeTimer                   
0000560f  GPIOPinTypeUART                    
00005633  GPIOPinTypeUSBAnalog               
00005657  GPIOPinTypeUSBDigital              
0000567b  GPIOPinTypeWakeHigh                
000056a1  GPIOPinTypeWakeLow                 
000056c7  GPIOPinTypeKBRow                   
000056eb  GPIOPinTypeKBColumn                
0000570f  GPIOPinTypeLEDSeq                  
00005733  GPIOPinTypeCIR                     
00005757  GPIOPinWakeStatus                  
00005767  GPIOPinConfigure                   
000057c5  GPIODMATriggerEnable               
000057e3  GPIODMATriggerDisable              
00005801  GPIOADCTriggerEnable               
0000581f  GPIOADCTriggerDisable              
0000589f  ADCIntRegister                     
000058c7  ADCIntUnregister                   
000058e5  ADCIntDisable                      
00005901  ADCIntEnable                       
00005927  ADCIntStatus                       
0000597f  ADCIntClear                        
00005995  ADCSequenceEnable                  
000059af  ADCSequenceDisable                 
000059c9  ADCSequenceConfigure               
00005a4d  ADCSequenceStepConfigure           
00005b41  ADCSequenceOverflow                
00005b59  ADCSequenceOverflowClear           
00005b6f  ADCSequenceUnderflow               
00005b87  ADCSequenceUnderflowClear          
00005b9d  ADCSequenceDataGet                 
00005bdf  ADCProcessorTrigger                
00005c03  ADCSoftwareOversampleConfigure     
00005c3b  ADCSoftwareOversampleStepConfigure 
00005cfb  ADCSoftwareOversampleDataGet       
00005d69  ADCHardwareOversampleConfigure     
00005d9b  ADCComparatorConfigure             
00005db7  ADCComparatorRegionSet             
00005ddb  ADCComparatorReset                 
00005e21  ADCComparatorIntDisable            
00005e3f  ADCComparatorIntEnable             
00005e5d  ADCComparatorIntStatus             
00005e6b  ADCComparatorIntClear              
00005e7d  ADCIntDisableEx                    
00005e95  ADCIntEnableEx                     
00005eb1  ADCIntStatusEx                     
00005ee3  ADCIntClearEx                      
00005efb  ADCReferenceSet                    
00005f17  ADCReferenceGet                    
00005f29  ADCPhaseDelaySet                   
00005f3b  ADCPhaseDelayGet                   
00005f49  ADCSequenceDMAEnable               
00005f65  ADCSequenceDMADisable              
00005f81  ADCBusy                            
00005f9f  ADCClockConfigSet                  
00005fc9  ADCClockConfigGet                  
0000607d  EEPROMInit                         
000060c1  EEPROMSizeGet                      
000060cd  EEPROMBlockCountGet                
000060db  EEPROMRead                         
00006131  EEPROMProgram                      
0000620d  EEPROMProgramNonBlocking           
0000624f  EEPROMMassErase                    
0000628d  EEPROMBlockProtectGet              
000062a1  EEPROMBlockProtectSet              
000062cd  EEPROMBlockPasswordSet             
00006315  EEPROMBlockLock                    
0000633d  EEPROMBlockUnlock                  
00006389  EEPROMBlockHide                    
000063a5  EEPROMIntEnable                    
000063c9  EEPROMIntDisable                   
000063e7  EEPROMIntStatus                    
00006417  EEPROMIntClear                     
0000643f  EEPROMStatusGet                    
0000647b  IntMasterEnable                    
0000648b  IntMasterDisable                   
0000649b  IntRegister                        
000064ed  IntUnregister                      
00006501  IntPriorityGroupingSet             
0000651b  IntPriorityGroupingGet             
00006553  IntPrioritySet                     
000065a3  IntPriorityGet                     
000065c7  IntEnable                          
00006639  IntDisable                         
000066ab  IntIsEnabled                       
00006731  IntPendSet                         
000067a1  IntPendClear                       
000067ef  IntPriorityMaskSet                 
000067fb  IntPriorityMaskGet                 
00006803  IntTrigger                         
00006839  pxPortInitialiseStack              
000068c5  xPortStartScheduler                
0000697d  vPortEndScheduler                  
000069a1  vPortEnterCritical                 
000069e3  vPortExitCritical                  
00006a0f  xPortSysTickHandler                
00006a35  vPortSetupTimerInterrupt           
00006a4f  vPortValidateInterruptPriority     
00006aed  GPIO_BuiltinButtonsLedsInit        
00006b61  GPIO_RedLedOn                      
00006b6d  GPIO_BlueLedOn                     
00006b79  GPIO_GreenLedOn                    
00006b85  GPIO_RedLedOff                     
00006b91  GPIO_BlueLedOff                    
00006b9d  GPIO_GreenLedOff                   
00006ba9  GPIO_RedLedToggle                  
00006bb5  GPIO_BlueLedToggle                 
00006bc1  GPIO_GreenLedToggle                
00006bcd  GPIO_SW1GetState                   
00006bd7  GPIO_SW2GetState                   
00006be1  GPIO_SW1EdgeTriggeredInterruptInit 
00006c2f  GPIO_SW2EdgeTriggeredInterruptInit 
00006d1f  UART0_Init                         
00006d5f  UART0_SendByte                     
00006d7b  UART0_ReceiveByte                  
00006d8b  UART0_SendString                   
00006db1  UART0_SendInteger                  
00006e91  vListInitialise                    
00006ec1  vListInitialiseItem                
00006ed1  vListInsertEnd                     
00006f0d  vListInsert                        
00006f73  uxListRemove                       
00006fbd  DriverSensor_Init                  
00006fd5  GetDriverSensorReading             
0000702d  PassengerSensor_Init               
00007045  GetPassengerSensorReading          
000070bd  ulPortGetIPSR                      
000070d5  xPortPendSVHandler                 
00007135  vPortSVCHandler                    
00007155  vPortStartFirstTask                
00007179  vPortEnableVFP                     
00007189  pvPortMalloc                       
00007215  vPortFree                          
00007239  vPortInitialiseBlocks              
00007241  xPortGetFreeHeapSize               
00007259  __aeabi_memcpy                     
00007259  __aeabi_memcpy4                    
00007259  __aeabi_memcpy8                    
00007259  memcpy                             
000072f5  __aeabi_uldivmod                   
0000738b  __aeabi_memclr                     
0000738b  __aeabi_memclr4                    
0000738b  __aeabi_memclr8                    
0000738d  __aeabi_memset                     
0000738d  __aeabi_memset4                    
0000738d  __aeabi_memset8                    
00007393  memset                             
00007405  __aeabi_ldivmod                    
00007473  __TI_decompress_lzss               
000074dd  GPTM_WTimer0Init                   
0000750d  GPTM_WTimer0Read                   
00007531  __TI_auto_init_nobinit_nopinit     
00007575  CPUcpsid                           
00007581  CPUprimask                         
0000758b  CPUcpsie                           
00007597  CPUwfi                             
0000759b  CPUbasepriSet                      
000075a9  CPUbasepriGet                      
000075b5  _c_int00_noargs                    
000075e9  __TI_decompress_none               
000075f7  __TI_zero_init                     
00007603  ResetISR                           
0000760f  SysCtlDelay                        
00007615  _system_pre_init                   
00007619  C$$EXIT                            
00007619  abort                              
00007afc  ulMaxSyscallInterruptPriority      
00007b04  uxTopUsedPriority                  
00007b20  __TI_Handler_Table_Base            
00007b2c  __TI_Handler_Table_Limit           
00007b40  __TI_CINIT_Base                    
00007b58  __TI_CINIT_Limit                   
20000000  __start___llvm_prf_cnts            
20000000  __stop___llvm_prf_cnts             
20000000  g_pfnRAMVectors                    
200022e4  ullTasksExecutionTime              
20002310  ullTasksInTime                     
2000233c  ullTasksOutTime                    
20002368  ullTasksTotalTime                  
200023f0  DriverSelection                    
200023f4  ERROR_CODE                         
200023f8  PassengerSelection                 
200023fc  xDisplaySystemStateHandle          
20002400  xDriverInfoMutex                   
20002404  xDriverInputSemaphore              
20002408  xDriverInputSemaphoreFromSteering  
2000240c  xErrorReportingMutex               
20002410  xGetDriverInputFromSteeringHandle  
20002414  xGetDriverInputHandle              
20002418  xGetDriverSeatTempHandle           
2000241c  xGetPassengerInputHandle           
20002420  xGetPassengerSeatTempHandle        
20002424  xLM35GetTempMutex                  
20002428  xLastWakeTime                      
2000242c  xPassengerInfoMutex                
20002430  xPassengerInputSemaphore           
20002434  xRunTimeMeasurementsHandle         
20002438  xSensorErrorHookHandle             
2000243c  xSensorErrorHookSemaphore          
20002440  xSetDriverSeatHeaterStateHandle    
20002444  xSetPassengerSeatHeaterStateHandle 
20002448  __stack                            
20002648  __STACK_END                        
20002648  __STACK_TOP                        
20002648  pxCurrentTCB                       
2000268c  DRIVER_SENSOR_ERROR                
2000268d  PASSENGER_SENSOR_ERROR             
20002693  DriverSeatInfo                     
20002696  PassengerSeatInfo                  
ffffffff  __TI_pprof_out_hndl                
ffffffff  __TI_prof_data_size                
ffffffff  __TI_prof_data_start               
ffffffff  __binit__                          
ffffffff  __c_args__                         
ffffffff  binit                              
UNDEFED   __mpu_init                         
UNDEFED   _system_post_cinit                 

[378 symbols]
